[v5] device=cuda | visible GPUs=1 | current=cuda:0 (NVIDIA GeForce RTX 5090)
[v5] building frames for 7597 tickers ...
[v5] integrity [pre2008]: rows 8470610 | sigma-floor 0.0037 | close<$1 0.0172 | spike-censorship 1d:0.0007  1w:0.0031  1m:0.0118  6m:0.0602
[v5] integrity [2008-2015]: rows 6590457 | sigma-floor 0.0095 | close<$1 0.0380 | spike-censorship 1d:0.0008  1w:0.0032  1m:0.0110  6m:0.0470
[v5] integrity [2016+]: rows 11283703 | sigma-floor 0.0182 | close<$1 0.0445 | spike-censorship 1d:0.0011  1w:0.0048  1m:0.0171  6m:0.0735
[v5] fear_greed coverage ends 2026-03-13 vs OHLCV data end 2026-06-08 (FROZEN-FG SPAN: refresh fear_greed.csv)
[v5] usable frames: 7094
[v5] run manifest check passed (nonce 1785588746-43620)
[v5] eval_mode=both eval_tickers=702 val_tickers=0
[v5] scaler fit on 21484284 train rows
[v5] era-proxy audit (|rho|>0.2): none
[v5] label centering: K=50 | sessions with undefined c per horizon [2960, 2978, 3039, 3333] of 16214
[v5] class rates [train] (down/neutral/up): 1d:[0.18, 0.63, 0.19]  1w:[0.19, 0.62, 0.2]  1m:[0.2, 0.6, 0.2]  6m:[0.21, 0.58, 0.21]
[v5] class rates [val] (down/neutral/up): 1d:[0.18, 0.64, 0.18]  1w:[0.19, 0.61, 0.2]  1m:[0.21, 0.58, 0.21]  6m:[0.23, 0.53, 0.23]
[v5] thinning retained train labels: 1d:21285344/21285344  1w:21188211/21188211  1m:5218354/20873105  6m:774739/19365056
[v5] thinning: 2917 train anchors lost all labels (gap-straddling or thinned out) and were skipped
[v5] train price floor [pre2008]: dropped 125482/7290179 anchors (0.0172) below $1.0
[v5] train price floor [2008-2015]: dropped 212922/5769298 anchors (0.0369) below $1.0
[v5] train price floor [2016+]: dropped 327889/7687074 anchors (0.0427) below $1.0
[v5] train windows: 20018240 | val windows (subsampled): 265701 | panel windows: 0 | eval tickers: 4992
[v5] schedule | 78197 steps/epoch | budget 234591 steps (~3.0 ep) | warmup 1000 | plateau LR x0.5 after 4 no-improve evals, floor 0.04 | eval scheduled (250<=2k, 1000<=30k, 5000 after) | patience 20 | workers 8 | members [3, 4)
[v5] val constant-marginal baseline CE (tag-0) = 3.4514 (150000 rows; the model must beat this to be learning anything conditional)
[v5] val constant-marginal baseline CE (tag-1 holdout) = 3.4550 (115701 rows; report-only)
[v5] baseline[oracle] total 3.4514 | 1d:3.3771 1w:3.4358 1m:3.4963 6m:3.5634
[v5] baseline[train_marginal] total 3.4539 | 1d:3.3779 1w:3.4365 1m:3.4991 6m:3.5732
[v5] stopping-side baseline CE = 3.4251 (36408 score-half rows, {1d,1w} interval labels)
[v5] comparator momentum_20d: 1d: IC -0.0079 t -1.34 (252d) | 1w: IC -0.0121 t -1.20 (248d) | 1m: IC -0.0039 t -0.27 (231d) | 6m: IC +0.0281 t +9.06 (127d)
[v5] comparator reversal_5d: 1d: IC +0.0105 t +1.98 (252d) | 1w: IC +0.0166 t +1.81 (248d) | 1m: IC +0.0120 t +1.19 (231d) | 6m: IC -0.0181 t -5.87 (127d)
[v5] comparator vol_z: 1d: IC +0.0038 t +0.84 (252d) | 1w: IC +0.0034 t +0.47 (248d) | 1m: IC -0.0063 t -0.62 (231d) | 6m: IC +0.0047 t +0.63 (127d)
[member 3] start | 20018240 train / 265701 val windows | 78197 steps/epoch | eval scheduled (250<=2k, 1000<=30k, 5000 after) | max 234591 steps | patience 20 | warmup 1000 | plateau LRx0.5@4 floor 0.04 | stopping on smoothed rank-IC score (min improvement 0.05, median of last 3)
[member 3] step 100/234591 (ep 0.00) | loss 4.1530 [1d:4.141 1w:4.151 1m:4.197 6m:4.215] | lr 3.00e-05 | 7.1 it/s | eta 554m
[member 3] step 200/234591 (ep 0.00) | loss 3.5730 [1d:3.546 1w:3.573 1m:3.655 6m:3.775] | lr 6.00e-05 | 9.1 it/s | eta 428m
[member 3] EVAL step 250 (ep 0.00) | stop-score +3.425 (smoothed +3.425, best +3.425) | t1d +2.73/125d t1w +2.11/121d | cal_ce 3.4299 (36408 rows) | base 3.4251 MISS | raw_tag0 3.4614 | lr_scale 1.000 | IMPROVED
[member 3] step 300/234591 (ep 0.00) | loss 3.4278 [1d:3.411 1w:3.429 1m:3.481 6m:3.498] | lr 9.00e-05 | 1.4 it/s | eta 2738m
[member 3] step 400/234591 (ep 0.01) | loss 3.4011 [1d:3.382 1w:3.408 1m:3.433 6m:3.521] | lr 1.20e-04 | 1.8 it/s | eta 2144m
[member 3] step 500/234591 (ep 0.01) | loss 3.3863 [1d:3.370 1w:3.390 1m:3.420 6m:3.493] | lr 1.50e-04 | 2.2 it/s | eta 1785m
[member 3] EVAL step 500 (ep 0.01) | stop-score +3.204 (smoothed +3.314, best +3.425) | t1d +2.89/125d t1w +1.64/121d | cal_ce 3.4171 (36408 rows) | base 3.4251 BEAT | raw_tag0 3.4392 | lr_scale 1.000 | no-improve 1/20
[member 3] step 600/234591 (ep 0.01) | loss 3.3924 [1d:3.377 1w:3.399 1m:3.420 6m:3.424] | lr 1.80e-04 | 1.5 it/s | eta 2517m
[member 3] step 700/234591 (ep 0.01) | loss 3.3909 [1d:3.375 1w:3.397 1m:3.416 6m:3.516] | lr 2.10e-04 | 1.8 it/s | eta 2210m
[member 3] EVAL step 750 (ep 0.01) | stop-score +3.752 (smoothed +3.425, best +3.425) | t1d +3.02/125d t1w +2.29/121d | cal_ce 3.4098 (36408 rows) | base 3.4251 BEAT | raw_tag0 3.4360 | lr_scale 1.000 | no-improve 2/20
[member 3] step 800/234591 (ep 0.01) | loss 3.3900 [1d:3.376 1w:3.393 1m:3.429 6m:3.462] | lr 2.40e-04 | 1.6 it/s | eta 2470m
[member 3] step 900/234591 (ep 0.01) | loss 3.3954 [1d:3.376 1w:3.399 1m:3.448 6m:3.444] | lr 2.70e-04 | 1.7 it/s | eta 2233m
[member 3] step 1000/234591 (ep 0.01) | loss 3.3971 [1d:3.384 1w:3.399 1m:3.441 6m:3.401] | lr 3.00e-04 | 1.9 it/s | eta 2046m
[member 3] EVAL step 1000 (ep 0.01) | stop-score +3.785 (smoothed +3.752, best +3.752) | t1d +2.97/125d t1w +2.38/121d | cal_ce 3.4084 (36408 rows) | base 3.4251 BEAT | raw_tag0 3.4392 | lr_scale 1.000 | IMPROVED
[member 3] step 1100/234591 (ep 0.01) | loss 3.3913 [1d:3.370 1w:3.401 1m:3.430 6m:3.464] | lr 3.00e-04 | 1.6 it/s | eta 2415m
[member 3] step 1200/234591 (ep 0.02) | loss 3.3873 [1d:3.371 1w:3.396 1m:3.408 6m:3.472] | lr 3.00e-04 | 1.7 it/s | eta 2238m
[member 3] EVAL step 1250 (ep 0.02) | stop-score +3.710 (smoothed +3.752, best +3.752) | t1d +2.99/125d t1w +2.26/121d | cal_ce 3.4092 (36408 rows) | base 3.4251 BEAT | raw_tag0 3.4406 | lr_scale 1.000 | no-improve 1/20
[member 3] step 1300/234591 (ep 0.02) | loss 3.3869 [1d:3.363 1w:3.400 1m:3.421 6m:3.436] | lr 3.00e-04 | 1.5 it/s | eta 2614m
[member 3] step 1400/234591 (ep 0.02) | loss 3.3817 [1d:3.367 1w:3.389 1m:3.404 6m:3.448] | lr 3.00e-04 | 1.6 it/s | eta 2447m
[member 3] step 1500/234591 (ep 0.02) | loss 3.3835 [1d:3.372 1w:3.384 1m:3.416 6m:3.463] | lr 3.00e-04 | 1.7 it/s | eta 2303m
[member 3] EVAL step 1500 (ep 0.02) | stop-score +3.684 (smoothed +3.710, best +3.752) | t1d +2.92/125d t1w +2.30/121d | cal_ce 3.4121 (36408 rows) | base 3.4251 BEAT | raw_tag0 3.4375 | lr_scale 1.000 | no-improve 2/20
[member 3] step 1600/234591 (ep 0.02) | loss 3.3885 [1d:3.378 1w:3.392 1m:3.416 6m:3.410] | lr 3.00e-04 | 1.5 it/s | eta 2609m
[member 3] step 1700/234591 (ep 0.02) | loss 3.3803 [1d:3.364 1w:3.387 1m:3.414 6m:3.448] | lr 3.00e-04 | 1.6 it/s | eta 2473m
[member 3] EVAL step 1750 (ep 0.02) | stop-score +3.436 (smoothed +3.684, best +3.752) | t1d +2.86/125d t1w +2.00/121d | cal_ce 3.4046 (36408 rows) | base 3.4251 BEAT | raw_tag0 3.4255 | lr_scale 1.000 | no-improve 3/20
[member 3] step 1800/234591 (ep 0.02) | loss 3.3833 [1d:3.368 1w:3.388 1m:3.413 6m:3.458] | lr 3.00e-04 | 1.4 it/s | eta 2747m
[member 3] step 1900/234591 (ep 0.02) | loss 3.3842 [1d:3.359 1w:3.398 1m:3.422 6m:3.420] | lr 3.00e-04 | 1.5 it/s | eta 2617m
[member 3] step 2000/234591 (ep 0.03) | loss 3.3826 [1d:3.360 1w:3.395 1m:3.419 6m:3.422] | lr 3.00e-04 | 1.6 it/s | eta 2500m
[member 3] LR DROP -> 1.50e-04 (scale 0.500) after 4 no-improve evals
[member 3] EVAL step 2000 (ep 0.03) | stop-score +3.341 (smoothed +3.436, best +3.752) | t1d +2.65/125d t1w +2.07/121d | cal_ce 3.4049 (36408 rows) | base 3.4251 BEAT | raw_tag0 3.4273 | lr_scale 0.500 | no-improve 4/20
[member 3] step 2100/234591 (ep 0.03) | loss 3.3751 [1d:3.360 1w:3.381 1m:3.408 6m:3.413] | lr 1.50e-04 | 1.4 it/s | eta 2752m
[member 3] step 2200/234591 (ep 0.03) | loss 3.3799 [1d:3.363 1w:3.382 1m:3.434 6m:3.453] | lr 1.50e-04 | 1.5 it/s | eta 2639m
[member 3] step 2300/234591 (ep 0.03) | loss 3.3844 [1d:3.367 1w:3.391 1m:3.417 6m:3.461] | lr 1.50e-04 | 1.5 it/s | eta 2536m
[member 3] step 2400/234591 (ep 0.03) | loss 3.3703 [1d:3.366 1w:3.372 1m:3.376 6m:3.399] | lr 1.50e-04 | 1.6 it/s | eta 2441m
[member 3] step 2500/234591 (ep 0.03) | loss 3.3629 [1d:3.356 1w:3.364 1m:3.379 6m:3.426] | lr 1.50e-04 | 1.6 it/s | eta 2354m
[member 3] step 2600/234591 (ep 0.03) | loss 3.3790 [1d:3.367 1w:3.384 1m:3.393 6m:3.484] | lr 1.50e-04 | 1.7 it/s | eta 2274m
[member 3] step 2700/234591 (ep 0.03) | loss 3.3714 [1d:3.358 1w:3.376 1m:3.393 6m:3.474] | lr 1.50e-04 | 1.8 it/s | eta 2201m
[member 3] step 2800/234591 (ep 0.04) | loss 3.3668 [1d:3.352 1w:3.375 1m:3.386 6m:3.432] | lr 1.50e-04 | 1.8 it/s | eta 2132m
[member 3] step 2900/234591 (ep 0.04) | loss 3.3691 [1d:3.349 1w:3.378 1m:3.407 6m:3.402] | lr 1.50e-04 | 1.9 it/s | eta 2069m
[member 3] step 3000/234591 (ep 0.04) | loss 3.3631 [1d:3.349 1w:3.365 1m:3.402 6m:3.449] | lr 1.50e-04 | 1.9 it/s | eta 2009m
[member 3] EVAL step 3000 (ep 0.04) | stop-score +3.795 (smoothed +3.436, best +3.752) | t1d +3.08/125d t1w +2.29/121d | cal_ce 3.4013 (36408 rows) | base 3.4251 BEAT | raw_tag0 3.4196 | lr_scale 0.500 | no-improve 5/20
[member 3] step 3100/234591 (ep 0.04) | loss 3.3700 [1d:3.359 1w:3.373 1m:3.397 6m:3.429] | lr 1.50e-04 | 1.8 it/s | eta 2114m
[member 3] step 3200/234591 (ep 0.04) | loss 3.3647 [1d:3.350 1w:3.372 1m:3.393 6m:3.400] | lr 1.50e-04 | 1.9 it/s | eta 2056m
[member 3] step 3300/234591 (ep 0.04) | loss 3.3731 [1d:3.360 1w:3.375 1m:3.403 6m:3.465] | lr 1.50e-04 | 1.9 it/s | eta 2002m
[member 3] step 3400/234591 (ep 0.04) | loss 3.3751 [1d:3.359 1w:3.379 1m:3.415 6m:3.437] | lr 1.50e-04 | 2.0 it/s | eta 1950m
[member 3] step 3500/234591 (ep 0.04) | loss 3.3742 [1d:3.363 1w:3.371 1m:3.423 6m:3.444] | lr 1.50e-04 | 2.0 it/s | eta 1902m
[member 3] step 3600/234591 (ep 0.05) | loss 3.3726 [1d:3.359 1w:3.379 1m:3.391 6m:3.444] | lr 1.50e-04 | 2.1 it/s | eta 1857m
[member 3] step 3700/234591 (ep 0.05) | loss 3.3736 [1d:3.362 1w:3.375 1m:3.408 6m:3.439] | lr 1.50e-04 | 2.1 it/s | eta 1815m
[member 3] step 3800/234591 (ep 0.05) | loss 3.3714 [1d:3.363 1w:3.370 1m:3.405 6m:3.426] | lr 1.50e-04 | 2.2 it/s | eta 1775m
[member 3] step 3900/234591 (ep 0.05) | loss 3.3685 [1d:3.358 1w:3.370 1m:3.399 6m:3.404] | lr 1.50e-04 | 2.2 it/s | eta 1736m
[member 3] step 4000/234591 (ep 0.05) | loss 3.3647 [1d:3.351 1w:3.368 1m:3.397 6m:3.464] | lr 1.50e-04 | 2.3 it/s | eta 1700m
[member 3] EVAL step 4000 (ep 0.05) | stop-score +3.603 (smoothed +3.603, best +3.752) | t1d +2.97/125d t1w +2.12/121d | cal_ce 3.3969 (36408 rows) | base 3.4251 BEAT | raw_tag0 3.4190 | lr_scale 0.500 | no-improve 6/20
[member 3] step 4100/234591 (ep 0.05) | loss 3.3680 [1d:3.356 1w:3.369 1m:3.404 6m:3.415] | lr 1.50e-04 | 2.2 it/s | eta 1784m
[member 3] step 4200/234591 (ep 0.05) | loss 3.3712 [1d:3.357 1w:3.379 1m:3.387 6m:3.450] | lr 1.50e-04 | 2.2 it/s | eta 1748m
[member 3] step 4300/234591 (ep 0.05) | loss 3.3660 [1d:3.354 1w:3.369 1m:3.393 6m:3.429] | lr 1.50e-04 | 2.2 it/s | eta 1713m
[member 3] step 4400/234591 (ep 0.06) | loss 3.3683 [1d:3.362 1w:3.373 1m:3.369 6m:3.417] | lr 1.50e-04 | 2.3 it/s | eta 1680m
[member 3] step 4500/234591 (ep 0.06) | loss 3.3620 [1d:3.355 1w:3.362 1m:3.382 6m:3.437] | lr 1.50e-04 | 2.3 it/s | eta 1649m
[member 3] step 4600/234591 (ep 0.06) | loss 3.3651 [1d:3.347 1w:3.375 1m:3.393 6m:3.369] | lr 1.50e-04 | 2.4 it/s | eta 1619m
[member 3] step 4700/234591 (ep 0.06) | loss 3.3691 [1d:3.352 1w:3.375 1m:3.406 6m:3.440] | lr 1.50e-04 | 2.4 it/s | eta 1590m
[member 3] step 4800/234591 (ep 0.06) | loss 3.3676 [1d:3.359 1w:3.365 1m:3.407 6m:3.447] | lr 1.50e-04 | 2.5 it/s | eta 1563m
[member 3] step 4900/234591 (ep 0.06) | loss 3.3670 [1d:3.358 1w:3.372 1m:3.385 6m:3.376] | lr 1.50e-04 | 2.5 it/s | eta 1537m
[member 3] step 5000/234591 (ep 0.06) | loss 3.3671 [1d:3.355 1w:3.367 1m:3.410 6m:3.407] | lr 1.50e-04 | 2.5 it/s | eta 1511m
[member 3] EVAL step 5000 (ep 0.06) | stop-score +3.802 (smoothed +3.795, best +3.752) | t1d +3.18/125d t1w +2.20/121d | cal_ce 3.3938 (36408 rows) | base 3.4251 BEAT | raw_tag0 3.4109 | lr_scale 0.500 | no-improve 7/20
[member 3] step 5100/234591 (ep 0.07) | loss 3.3668 [1d:3.352 1w:3.372 1m:3.393 6m:3.451] | lr 1.50e-04 | 2.4 it/s | eta 1578m
[member 3] step 5200/234591 (ep 0.07) | loss 3.3622 [1d:3.350 1w:3.367 1m:3.386 6m:3.390] | lr 1.50e-04 | 2.5 it/s | eta 1553m
[member 3] step 5300/234591 (ep 0.07) | loss 3.3711 [1d:3.361 1w:3.371 1m:3.410 6m:3.403] | lr 1.50e-04 | 2.5 it/s | eta 1528m
[member 3] step 5400/234591 (ep 0.07) | loss 3.3693 [1d:3.361 1w:3.372 1m:3.390 6m:3.416] | lr 1.50e-04 | 2.5 it/s | eta 1505m
[member 3] step 5500/234591 (ep 0.07) | loss 3.3720 [1d:3.362 1w:3.379 1m:3.382 6m:3.415] | lr 1.50e-04 | 2.6 it/s | eta 1482m
[member 3] step 5600/234591 (ep 0.07) | loss 3.3584 [1d:3.349 1w:3.360 1m:3.381 6m:3.415] | lr 1.50e-04 | 2.6 it/s | eta 1461m
[member 3] step 5700/234591 (ep 0.07) | loss 3.3558 [1d:3.350 1w:3.350 1m:3.393 6m:3.418] | lr 1.50e-04 | 2.6 it/s | eta 1440m
[member 3] step 5800/234591 (ep 0.07) | loss 3.3628 [1d:3.357 1w:3.366 1m:3.368 6m:3.397] | lr 1.50e-04 | 2.7 it/s | eta 1420m
[member 3] step 5900/234591 (ep 0.08) | loss 3.3644 [1d:3.356 1w:3.363 1m:3.396 6m:3.424] | lr 1.50e-04 | 2.7 it/s | eta 1400m
[member 3] step 6000/234591 (ep 0.08) | loss 3.3679 [1d:3.356 1w:3.373 1m:3.391 6m:3.410] | lr 1.50e-04 | 2.8 it/s | eta 1382m
[member 3] EVAL step 6000 (ep 0.08) | stop-score +4.072 (smoothed +3.802, best +3.802) | t1d +3.25/125d t1w +2.51/121d | cal_ce 3.3940 (36408 rows) | base 3.4251 BEAT | raw_tag0 3.4111 | lr_scale 0.500 | IMPROVED
[member 3] step 6100/234591 (ep 0.08) | loss 3.3591 [1d:3.352 1w:3.360 1m:3.379 6m:3.418] | lr 1.50e-04 | 2.6 it/s | eta 1438m
[member 3] step 6200/234591 (ep 0.08) | loss 3.3683 [1d:3.356 1w:3.374 1m:3.403 6m:3.321] | lr 1.50e-04 | 2.7 it/s | eta 1419m
[member 3] step 6300/234591 (ep 0.08) | loss 3.3649 [1d:3.359 1w:3.364 1m:3.382 6m:3.451] | lr 1.50e-04 | 2.7 it/s | eta 1401m
[member 3] step 6400/234591 (ep 0.08) | loss 3.3652 [1d:3.354 1w:3.368 1m:3.390 6m:3.418] | lr 1.50e-04 | 2.7 it/s | eta 1383m
[member 3] step 6500/234591 (ep 0.08) | loss 3.3729 [1d:3.362 1w:3.375 1m:3.393 6m:3.449] | lr 1.50e-04 | 2.8 it/s | eta 1366m
[member 3] step 6600/234591 (ep 0.08) | loss 3.3628 [1d:3.351 1w:3.367 1m:3.388 6m:3.394] | lr 1.50e-04 | 2.8 it/s | eta 1349m
[member 3] step 6700/234591 (ep 0.09) | loss 3.3727 [1d:3.360 1w:3.379 1m:3.389 6m:3.451] | lr 1.50e-04 | 2.8 it/s | eta 1333m
[member 3] step 6800/234591 (ep 0.09) | loss 3.3606 [1d:3.349 1w:3.365 1m:3.378 6m:3.447] | lr 1.50e-04 | 2.9 it/s | eta 1318m
[member 3] step 6900/234591 (ep 0.09) | loss 3.3674 [1d:3.355 1w:3.369 1m:3.397 6m:3.451] | lr 1.50e-04 | 2.9 it/s | eta 1302m
[member 3] step 7000/234591 (ep 0.09) | loss 3.3679 [1d:3.364 1w:3.362 1m:3.386 6m:3.491] | lr 1.50e-04 | 2.9 it/s | eta 1288m
[member 3] EVAL step 7000 (ep 0.09) | stop-score +3.674 (smoothed +3.802, best +3.802) | t1d +2.81/125d t1w +2.38/121d | cal_ce 3.3948 (36408 rows) | base 3.4251 BEAT | raw_tag0 3.4141 | lr_scale 0.500 | no-improve 1/20
[member 3] step 7100/234591 (ep 0.09) | loss 3.3662 [1d:3.361 1w:3.360 1m:3.406 6m:3.395] | lr 1.50e-04 | 2.8 it/s | eta 1336m
[member 3] step 7200/234591 (ep 0.09) | loss 3.3588 [1d:3.348 1w:3.359 1m:3.395 6m:3.417] | lr 1.50e-04 | 2.9 it/s | eta 1321m
[member 3] step 7300/234591 (ep 0.09) | loss 3.3588 [1d:3.353 1w:3.359 1m:3.374 6m:3.430] | lr 1.50e-04 | 2.9 it/s | eta 1306m
[member 3] step 7400/234591 (ep 0.09) | loss 3.3680 [1d:3.355 1w:3.374 1m:3.395 6m:3.400] | lr 1.50e-04 | 2.9 it/s | eta 1292m
[member 3] step 7500/234591 (ep 0.10) | loss 3.3575 [1d:3.348 1w:3.358 1m:3.379 6m:3.444] | lr 1.50e-04 | 3.0 it/s | eta 1279m
[member 3] step 7600/234591 (ep 0.10) | loss 3.3656 [1d:3.364 1w:3.364 1m:3.369 6m:3.431] | lr 1.50e-04 | 3.0 it/s | eta 1265m
[member 3] step 7700/234591 (ep 0.10) | loss 3.3658 [1d:3.358 1w:3.370 1m:3.372 6m:3.433] | lr 1.50e-04 | 3.0 it/s | eta 1252m
[member 3] step 7800/234591 (ep 0.10) | loss 3.3647 [1d:3.356 1w:3.363 1m:3.390 6m:3.447] | lr 1.50e-04 | 3.0 it/s | eta 1240m
[member 3] step 7900/234591 (ep 0.10) | loss 3.3720 [1d:3.359 1w:3.375 1m:3.402 6m:3.436] | lr 1.50e-04 | 3.1 it/s | eta 1227m
[member 3] step 8000/234591 (ep 0.10) | loss 3.3708 [1d:3.360 1w:3.372 1m:3.402 6m:3.408] | lr 1.50e-04 | 3.1 it/s | eta 1215m
[member 3] EVAL step 8000 (ep 0.10) | stop-score +3.736 (smoothed +3.736, best +3.802) | t1d +2.86/125d t1w +2.42/121d | cal_ce 3.3915 (36408 rows) | base 3.4251 BEAT | raw_tag0 3.4139 | lr_scale 0.500 | no-improve 2/20
[member 3] step 8100/234591 (ep 0.10) | loss 3.3714 [1d:3.363 1w:3.372 1m:3.398 6m:3.443] | lr 1.50e-04 | 3.0 it/s | eta 1258m
[member 3] step 8200/234591 (ep 0.10) | loss 3.3614 [1d:3.348 1w:3.371 1m:3.370 6m:3.400] | lr 1.50e-04 | 3.0 it/s | eta 1246m
[member 3] step 8300/234591 (ep 0.11) | loss 3.3669 [1d:3.356 1w:3.368 1m:3.399 6m:3.431] | lr 1.50e-04 | 3.1 it/s | eta 1234m
[member 3] step 8400/234591 (ep 0.11) | loss 3.3655 [1d:3.360 1w:3.365 1m:3.379 6m:3.422] | lr 1.50e-04 | 3.1 it/s | eta 1222m
[member 3] step 8500/234591 (ep 0.11) | loss 3.3533 [1d:3.349 1w:3.346 1m:3.391 6m:3.399] | lr 1.50e-04 | 3.1 it/s | eta 1211m
[member 3] step 8600/234591 (ep 0.11) | loss 3.3570 [1d:3.348 1w:3.357 1m:3.381 6m:3.418] | lr 1.50e-04 | 3.1 it/s | eta 1200m
[member 3] step 8700/234591 (ep 0.11) | loss 3.3699 [1d:3.353 1w:3.381 1m:3.390 6m:3.397] | lr 1.50e-04 | 3.2 it/s | eta 1190m
[member 3] step 8800/234591 (ep 0.11) | loss 3.3696 [1d:3.366 1w:3.366 1m:3.395 6m:3.404] | lr 1.50e-04 | 3.2 it/s | eta 1179m
[member 3] step 8900/234591 (ep 0.11) | loss 3.3585 [1d:3.354 1w:3.355 1m:3.375 6m:3.461] | lr 1.50e-04 | 3.2 it/s | eta 1169m
[member 3] step 9000/234591 (ep 0.12) | loss 3.3597 [1d:3.346 1w:3.364 1m:3.388 6m:3.397] | lr 1.50e-04 | 3.2 it/s | eta 1159m
[member 3] EVAL step 9000 (ep 0.12) | stop-score +3.675 (smoothed +3.675, best +3.802) | t1d +2.78/125d t1w +2.42/121d | cal_ce 3.3926 (36408 rows) | base 3.4251 BEAT | raw_tag0 3.4123 | lr_scale 0.500 | no-improve 3/20
[member 3] step 9100/234591 (ep 0.12) | loss 3.3505 [1d:3.340 1w:3.353 1m:3.378 6m:3.366] | lr 1.50e-04 | 3.1 it/s | eta 1198m
[member 3] step 9200/234591 (ep 0.12) | loss 3.3610 [1d:3.345 1w:3.369 1m:3.384 6m:3.430] | lr 1.50e-04 | 3.2 it/s | eta 1188m
[member 3] step 9300/234591 (ep 0.12) | loss 3.3638 [1d:3.347 1w:3.373 1m:3.378 6m:3.461] | lr 1.50e-04 | 3.2 it/s | eta 1178m
[member 3] step 9400/234591 (ep 0.12) | loss 3.3682 [1d:3.350 1w:3.378 1m:3.391 6m:3.436] | lr 1.50e-04 | 3.2 it/s | eta 1168m
[member 3] step 9500/234591 (ep 0.12) | loss 3.3628 [1d:3.348 1w:3.370 1m:3.380 6m:3.449] | lr 1.50e-04 | 3.2 it/s | eta 1158m
[member 3] step 9600/234591 (ep 0.12) | loss 3.3671 [1d:3.359 1w:3.369 1m:3.385 6m:3.422] | lr 1.50e-04 | 3.3 it/s | eta 1149m
[member 3] step 9700/234591 (ep 0.12) | loss 3.3567 [1d:3.349 1w:3.356 1m:3.388 6m:3.362] | lr 1.50e-04 | 3.3 it/s | eta 1140m
[member 3] step 9800/234591 (ep 0.13) | loss 3.3584 [1d:3.345 1w:3.367 1m:3.368 6m:3.417] | lr 1.50e-04 | 3.3 it/s | eta 1131m
[member 3] step 9900/234591 (ep 0.13) | loss 3.3599 [1d:3.353 1w:3.361 1m:3.377 6m:3.401] | lr 1.50e-04 | 3.3 it/s | eta 1122m
[member 3] step 10000/234591 (ep 0.13) | loss 3.3612 [1d:3.351 1w:3.366 1m:3.382 6m:3.391] | lr 1.50e-04 | 3.4 it/s | eta 1113m
[member 3] LR DROP -> 7.50e-05 (scale 0.250) after 4 no-improve evals
[member 3] EVAL step 10000 (ep 0.13) | stop-score +3.874 (smoothed +3.736, best +3.802) | t1d +3.07/125d t1w +2.41/121d | cal_ce 3.3918 (36408 rows) | base 3.4251 BEAT | raw_tag0 3.4102 | lr_scale 0.250 | no-improve 4/20
[member 3] step 10100/234591 (ep 0.13) | loss 3.3742 [1d:3.366 1w:3.377 1m:3.402 6m:3.331] | lr 7.50e-05 | 3.3 it/s | eta 1149m
[member 3] step 10200/234591 (ep 0.13) | loss 3.3608 [1d:3.349 1w:3.366 1m:3.385 6m:3.423] | lr 7.50e-05 | 3.3 it/s | eta 1140m
[member 3] step 10300/234591 (ep 0.13) | loss 3.3563 [1d:3.340 1w:3.360 1m:3.398 6m:3.409] | lr 7.50e-05 | 3.3 it/s | eta 1131m
[member 3] step 10400/234591 (ep 0.13) | loss 3.3597 [1d:3.356 1w:3.360 1m:3.368 6m:3.388] | lr 7.50e-05 | 3.3 it/s | eta 1123m
[member 3] step 10500/234591 (ep 0.13) | loss 3.3519 [1d:3.340 1w:3.358 1m:3.372 6m:3.379] | lr 7.50e-05 | 3.4 it/s | eta 1115m
[member 3] step 10600/234591 (ep 0.14) | loss 3.3543 [1d:3.344 1w:3.358 1m:3.372 6m:3.392] | lr 7.50e-05 | 3.4 it/s | eta 1107m
[member 3] step 10700/234591 (ep 0.14) | loss 3.3526 [1d:3.336 1w:3.362 1m:3.370 6m:3.428] | lr 7.50e-05 | 3.4 it/s | eta 1099m
[member 3] step 10800/234591 (ep 0.14) | loss 3.3567 [1d:3.351 1w:3.359 1m:3.362 6m:3.431] | lr 7.50e-05 | 3.4 it/s | eta 1091m
[member 3] step 10900/234591 (ep 0.14) | loss 3.3534 [1d:3.350 1w:3.351 1m:3.367 6m:3.428] | lr 7.50e-05 | 3.4 it/s | eta 1083m
[member 3] step 11000/234591 (ep 0.14) | loss 3.3534 [1d:3.346 1w:3.353 1m:3.381 6m:3.403] | lr 7.50e-05 | 3.5 it/s | eta 1075m
[member 3] EVAL step 11000 (ep 0.14) | stop-score +3.877 (smoothed +3.874, best +3.874) | t1d +3.04/125d t1w +2.44/121d | cal_ce 3.3921 (36408 rows) | base 3.4251 BEAT | raw_tag0 3.4091 | lr_scale 0.250 | IMPROVED
[member 3] step 11100/234591 (ep 0.14) | loss 3.3522 [1d:3.347 1w:3.352 1m:3.366 6m:3.380] | lr 7.50e-05 | 3.4 it/s | eta 1107m
[member 3] step 11200/234591 (ep 0.14) | loss 3.3566 [1d:3.343 1w:3.361 1m:3.383 6m:3.417] | lr 7.50e-05 | 3.4 it/s | eta 1100m
[member 3] step 11300/234591 (ep 0.14) | loss 3.3557 [1d:3.342 1w:3.360 1m:3.392 6m:3.363] | lr 7.50e-05 | 3.4 it/s | eta 1092m
[member 3] step 11400/234591 (ep 0.15) | loss 3.3590 [1d:3.355 1w:3.358 1m:3.379 6m:3.370] | lr 7.50e-05 | 3.4 it/s | eta 1085m
[member 3] step 11500/234591 (ep 0.15) | loss 3.3628 [1d:3.350 1w:3.369 1m:3.379 6m:3.404] | lr 7.50e-05 | 3.5 it/s | eta 1078m
[member 3] step 11600/234591 (ep 0.15) | loss 3.3716 [1d:3.362 1w:3.376 1m:3.385 6m:3.404] | lr 7.50e-05 | 3.5 it/s | eta 1070m
[member 3] step 11700/234591 (ep 0.15) | loss 3.3599 [1d:3.338 1w:3.371 1m:3.393 6m:3.443] | lr 7.50e-05 | 3.5 it/s | eta 1063m
[member 3] step 11800/234591 (ep 0.15) | loss 3.3614 [1d:3.354 1w:3.363 1m:3.380 6m:3.379] | lr 7.50e-05 | 3.5 it/s | eta 1056m
[member 3] step 11900/234591 (ep 0.15) | loss 3.3582 [1d:3.347 1w:3.362 1m:3.381 6m:3.395] | lr 7.50e-05 | 3.5 it/s | eta 1050m
[member 3] step 12000/234591 (ep 0.15) | loss 3.3614 [1d:3.348 1w:3.367 1m:3.387 6m:3.406] | lr 7.50e-05 | 3.6 it/s | eta 1043m
[member 3] EVAL step 12000 (ep 0.15) | stop-score +4.637 (smoothed +3.877, best +3.874) | t1d +3.47/125d t1w +3.09/121d | cal_ce 3.3884 (36408 rows) | base 3.4251 BEAT | raw_tag0 3.4077 | lr_scale 0.250 | no-improve 1/20
[member 3] step 12100/234591 (ep 0.15) | loss 3.3597 [1d:3.347 1w:3.365 1m:3.383 6m:3.398] | lr 7.50e-05 | 3.5 it/s | eta 1072m
[member 3] step 12200/234591 (ep 0.16) | loss 3.3550 [1d:3.339 1w:3.362 1m:3.391 6m:3.400] | lr 7.50e-05 | 3.5 it/s | eta 1065m
[member 3] step 12300/234591 (ep 0.16) | loss 3.3613 [1d:3.356 1w:3.358 1m:3.389 6m:3.439] | lr 7.50e-05 | 3.5 it/s | eta 1058m
[member 3] step 12400/234591 (ep 0.16) | loss 3.3543 [1d:3.344 1w:3.358 1m:3.370 6m:3.447] | lr 7.50e-05 | 3.5 it/s | eta 1052m
[member 3] step 12500/234591 (ep 0.16) | loss 3.3466 [1d:3.344 1w:3.344 1m:3.365 6m:3.372] | lr 7.50e-05 | 3.5 it/s | eta 1046m
[member 3] step 12600/234591 (ep 0.16) | loss 3.3551 [1d:3.351 1w:3.347 1m:3.400 6m:3.411] | lr 7.50e-05 | 3.6 it/s | eta 1039m
[member 3] step 12700/234591 (ep 0.16) | loss 3.3509 [1d:3.343 1w:3.348 1m:3.385 6m:3.427] | lr 7.50e-05 | 3.6 it/s | eta 1033m
[member 3] step 12800/234591 (ep 0.16) | loss 3.3574 [1d:3.352 1w:3.354 1m:3.385 6m:3.405] | lr 7.50e-05 | 3.6 it/s | eta 1027m
[member 3] step 12900/234591 (ep 0.16) | loss 3.3625 [1d:3.359 1w:3.364 1m:3.359 6m:3.413] | lr 7.50e-05 | 3.6 it/s | eta 1021m
[member 3] step 13000/234591 (ep 0.17) | loss 3.3526 [1d:3.345 1w:3.351 1m:3.371 6m:3.426] | lr 7.50e-05 | 3.6 it/s | eta 1015m
[member 3] EVAL step 13000 (ep 0.17) | stop-score +4.168 (smoothed +4.168, best +4.168) | t1d +3.15/125d t1w +2.74/121d | cal_ce 3.3893 (36408 rows) | base 3.4251 BEAT | raw_tag0 3.4079 | lr_scale 0.250 | IMPROVED
[member 3] step 13100/234591 (ep 0.17) | loss 3.3530 [1d:3.344 1w:3.359 1m:3.359 6m:3.380] | lr 7.50e-05 | 3.5 it/s | eta 1042m
[member 3] step 13200/234591 (ep 0.17) | loss 3.3530 [1d:3.339 1w:3.359 1m:3.375 6m:3.416] | lr 7.50e-05 | 3.6 it/s | eta 1036m
[member 3] step 13300/234591 (ep 0.17) | loss 3.3537 [1d:3.343 1w:3.357 1m:3.377 6m:3.384] | lr 7.50e-05 | 3.6 it/s | eta 1030m
[member 3] step 13400/234591 (ep 0.17) | loss 3.3581 [1d:3.352 1w:3.358 1m:3.375 6m:3.382] | lr 7.50e-05 | 3.6 it/s | eta 1024m
[member 3] step 13500/234591 (ep 0.17) | loss 3.3647 [1d:3.353 1w:3.368 1m:3.393 6m:3.384] | lr 7.50e-05 | 3.6 it/s | eta 1018m
[member 3] step 13600/234591 (ep 0.17) | loss 3.3548 [1d:3.348 1w:3.352 1m:3.388 6m:3.401] | lr 7.50e-05 | 3.6 it/s | eta 1012m
[member 3] step 13700/234591 (ep 0.18) | loss 3.3596 [1d:3.347 1w:3.366 1m:3.385 6m:3.388] | lr 7.50e-05 | 3.7 it/s | eta 1007m
[member 3] step 13800/234591 (ep 0.18) | loss 3.3509 [1d:3.344 1w:3.352 1m:3.372 6m:3.382] | lr 7.50e-05 | 3.7 it/s | eta 1001m
[member 3] step 13900/234591 (ep 0.18) | loss 3.3550 [1d:3.351 1w:3.353 1m:3.373 6m:3.393] | lr 7.50e-05 | 3.7 it/s | eta 995m
[member 3] step 14000/234591 (ep 0.18) | loss 3.3460 [1d:3.336 1w:3.350 1m:3.371 6m:3.335] | lr 7.50e-05 | 3.7 it/s | eta 990m
[member 3] EVAL step 14000 (ep 0.18) | stop-score +4.117 (smoothed +4.168, best +4.168) | t1d +3.18/125d t1w +2.65/121d | cal_ce 3.3888 (36408 rows) | base 3.4251 BEAT | raw_tag0 3.4127 | lr_scale 0.250 | no-improve 1/20
[member 3] step 14100/234591 (ep 0.18) | loss 3.3546 [1d:3.349 1w:3.357 1m:3.356 6m:3.423] | lr 7.50e-05 | 3.6 it/s | eta 1015m
[member 3] step 14200/234591 (ep 0.18) | loss 3.3592 [1d:3.348 1w:3.366 1m:3.368 6m:3.404] | lr 7.50e-05 | 3.6 it/s | eta 1010m
[member 3] step 14300/234591 (ep 0.18) | loss 3.3514 [1d:3.342 1w:3.358 1m:3.359 6m:3.396] | lr 7.50e-05 | 3.7 it/s | eta 1004m
[member 3] step 14400/234591 (ep 0.18) | loss 3.3562 [1d:3.361 1w:3.345 1m:3.367 6m:3.428] | lr 7.50e-05 | 3.7 it/s | eta 999m
[member 3] step 14500/234591 (ep 0.19) | loss 3.3586 [1d:3.356 1w:3.354 1m:3.378 6m:3.405] | lr 7.50e-05 | 3.7 it/s | eta 994m
[member 3] step 14600/234591 (ep 0.19) | loss 3.3513 [1d:3.346 1w:3.352 1m:3.361 6m:3.408] | lr 7.50e-05 | 3.7 it/s | eta 988m
[member 3] step 14700/234591 (ep 0.19) | loss 3.3500 [1d:3.341 1w:3.353 1m:3.360 6m:3.441] | lr 7.50e-05 | 3.7 it/s | eta 983m
[member 3] step 14800/234591 (ep 0.19) | loss 3.3464 [1d:3.341 1w:3.350 1m:3.349 6m:3.371] | lr 7.50e-05 | 3.7 it/s | eta 978m
[member 3] step 14900/234591 (ep 0.19) | loss 3.3678 [1d:3.365 1w:3.366 1m:3.382 6m:3.394] | lr 7.50e-05 | 3.8 it/s | eta 973m
[member 3] step 15000/234591 (ep 0.19) | loss 3.3589 [1d:3.351 1w:3.357 1m:3.390 6m:3.426] | lr 7.50e-05 | 3.8 it/s | eta 968m
[member 3] EVAL step 15000 (ep 0.19) | stop-score +4.356 (smoothed +4.168, best +4.168) | t1d +3.26/125d t1w +2.90/121d | cal_ce 3.3896 (36408 rows) | base 3.4251 BEAT | raw_tag0 3.4088 | lr_scale 0.250 | no-improve 2/20
[member 3] step 15100/234591 (ep 0.19) | loss 3.3557 [1d:3.352 1w:3.349 1m:3.389 6m:3.415] | lr 7.50e-05 | 3.7 it/s | eta 992m
[member 3] step 15200/234591 (ep 0.19) | loss 3.3577 [1d:3.355 1w:3.352 1m:3.383 6m:3.397] | lr 7.50e-05 | 3.7 it/s | eta 987m
[member 3] step 15300/234591 (ep 0.20) | loss 3.3508 [1d:3.339 1w:3.355 1m:3.367 6m:3.420] | lr 7.50e-05 | 3.7 it/s | eta 982m
[member 3] step 15400/234591 (ep 0.20) | loss 3.3548 [1d:3.340 1w:3.365 1m:3.365 6m:3.376] | lr 7.50e-05 | 3.7 it/s | eta 977m
[member 3] step 15500/234591 (ep 0.20) | loss 3.3602 [1d:3.358 1w:3.360 1m:3.364 6m:3.383] | lr 7.50e-05 | 3.8 it/s | eta 972m
[member 3] step 15600/234591 (ep 0.20) | loss 3.3512 [1d:3.350 1w:3.349 1m:3.364 6m:3.377] | lr 7.50e-05 | 3.8 it/s | eta 968m
[member 3] step 15700/234591 (ep 0.20) | loss 3.3512 [1d:3.347 1w:3.349 1m:3.374 6m:3.379] | lr 7.50e-05 | 3.8 it/s | eta 963m
[member 3] step 15800/234591 (ep 0.20) | loss 3.3539 [1d:3.348 1w:3.359 1m:3.349 6m:3.411] | lr 7.50e-05 | 3.8 it/s | eta 958m
[member 3] step 15900/234591 (ep 0.20) | loss 3.3526 [1d:3.344 1w:3.357 1m:3.363 6m:3.431] | lr 7.50e-05 | 3.8 it/s | eta 954m
[member 3] step 16000/234591 (ep 0.20) | loss 3.3554 [1d:3.347 1w:3.356 1m:3.383 6m:3.362] | lr 7.50e-05 | 3.8 it/s | eta 949m
[member 3] EVAL step 16000 (ep 0.20) | stop-score +4.160 (smoothed +4.160, best +4.168) | t1d +2.93/125d t1w +2.96/121d | cal_ce 3.3888 (36408 rows) | base 3.4251 BEAT | raw_tag0 3.4121 | lr_scale 0.250 | no-improve 3/20
[member 3] step 16100/234591 (ep 0.21) | loss 3.3567 [1d:3.347 1w:3.354 1m:3.391 6m:3.441] | lr 7.50e-05 | 3.7 it/s | eta 972m
[member 3] step 16200/234591 (ep 0.21) | loss 3.3509 [1d:3.344 1w:3.347 1m:3.387 6m:3.432] | lr 7.50e-05 | 3.8 it/s | eta 967m
[member 3] step 16300/234591 (ep 0.21) | loss 3.3483 [1d:3.344 1w:3.347 1m:3.365 6m:3.379] | lr 7.50e-05 | 3.8 it/s | eta 963m
[member 3] step 16400/234591 (ep 0.21) | loss 3.3527 [1d:3.341 1w:3.356 1m:3.379 6m:3.415] | lr 7.50e-05 | 3.8 it/s | eta 958m
[member 3] step 16500/234591 (ep 0.21) | loss 3.3535 [1d:3.347 1w:3.352 1m:3.368 6m:3.478] | lr 7.50e-05 | 3.8 it/s | eta 954m
[member 3] step 16600/234591 (ep 0.21) | loss 3.3515 [1d:3.345 1w:3.351 1m:3.366 6m:3.448] | lr 7.50e-05 | 3.8 it/s | eta 949m
[member 3] step 16700/234591 (ep 0.21) | loss 3.3527 [1d:3.349 1w:3.353 1m:3.371 6m:3.328] | lr 7.50e-05 | 3.8 it/s | eta 945m
[member 3] step 16800/234591 (ep 0.21) | loss 3.3509 [1d:3.347 1w:3.350 1m:3.362 6m:3.388] | lr 7.50e-05 | 3.9 it/s | eta 941m
[member 3] step 16900/234591 (ep 0.22) | loss 3.3447 [1d:3.332 1w:3.349 1m:3.379 6m:3.368] | lr 7.50e-05 | 3.9 it/s | eta 937m
[member 3] step 17000/234591 (ep 0.22) | loss 3.3462 [1d:3.334 1w:3.346 1m:3.388 6m:3.437] | lr 7.50e-05 | 3.9 it/s | eta 932m
[member 3] LR DROP -> 3.75e-05 (scale 0.125) after 4 no-improve evals
[member 3] EVAL step 17000 (ep 0.22) | stop-score +4.104 (smoothed +4.160, best +4.168) | t1d +2.96/125d t1w +2.85/121d | cal_ce 3.3928 (36408 rows) | base 3.4251 BEAT | raw_tag0 3.4129 | lr_scale 0.125 | no-improve 4/20
[member 3] step 17100/234591 (ep 0.22) | loss 3.3511 [1d:3.348 1w:3.353 1m:3.351 6m:3.402] | lr 3.75e-05 | 3.8 it/s | eta 954m
[member 3] step 17200/234591 (ep 0.22) | loss 3.3456 [1d:3.339 1w:3.351 1m:3.352 6m:3.337] | lr 3.75e-05 | 3.8 it/s | eta 950m
[member 3] step 17300/234591 (ep 0.22) | loss 3.3553 [1d:3.347 1w:3.360 1m:3.366 6m:3.384] | lr 3.75e-05 | 3.8 it/s | eta 945m
[member 3] step 17400/234591 (ep 0.22) | loss 3.3542 [1d:3.345 1w:3.357 1m:3.375 6m:3.400] | lr 3.75e-05 | 3.8 it/s | eta 941m
[member 3] step 17500/234591 (ep 0.22) | loss 3.3492 [1d:3.341 1w:3.348 1m:3.377 6m:3.407] | lr 3.75e-05 | 3.9 it/s | eta 937m
[member 3] step 17600/234591 (ep 0.23) | loss 3.3542 [1d:3.350 1w:3.347 1m:3.391 6m:3.407] | lr 3.75e-05 | 3.9 it/s | eta 933m
[member 3] step 17700/234591 (ep 0.23) | loss 3.3420 [1d:3.340 1w:3.340 1m:3.360 6m:3.336] | lr 3.75e-05 | 3.9 it/s | eta 929m
[member 3] step 17800/234591 (ep 0.23) | loss 3.3451 [1d:3.343 1w:3.339 1m:3.368 6m:3.435] | lr 3.75e-05 | 3.9 it/s | eta 925m
[member 3] step 17900/234591 (ep 0.23) | loss 3.3422 [1d:3.337 1w:3.347 1m:3.343 6m:3.354] | lr 3.75e-05 | 3.9 it/s | eta 921m
[member 3] step 18000/234591 (ep 0.23) | loss 3.3496 [1d:3.345 1w:3.352 1m:3.355 6m:3.374] | lr 3.75e-05 | 3.9 it/s | eta 917m
[member 3] EVAL step 18000 (ep 0.23) | stop-score +4.538 (smoothed +4.160, best +4.168) | t1d +3.46/125d t1w +2.96/121d | cal_ce 3.3889 (36408 rows) | base 3.4251 BEAT | raw_tag0 3.4093 | lr_scale 0.125 | no-improve 5/20
[member 3] step 18100/234591 (ep 0.23) | loss 3.3423 [1d:3.326 1w:3.347 1m:3.384 6m:3.393] | lr 3.75e-05 | 3.8 it/s | eta 937m
[member 3] step 18200/234591 (ep 0.23) | loss 3.3479 [1d:3.341 1w:3.349 1m:3.356 6m:3.419] | lr 3.75e-05 | 3.9 it/s | eta 933m
[member 3] step 18300/234591 (ep 0.23) | loss 3.3465 [1d:3.342 1w:3.349 1m:3.353 6m:3.370] | lr 3.75e-05 | 3.9 it/s | eta 929m
[member 3] step 18400/234591 (ep 0.24) | loss 3.3441 [1d:3.344 1w:3.342 1m:3.349 6m:3.362] | lr 3.75e-05 | 3.9 it/s | eta 926m
[member 3] step 18500/234591 (ep 0.24) | loss 3.3523 [1d:3.344 1w:3.352 1m:3.372 6m:3.452] | lr 3.75e-05 | 3.9 it/s | eta 922m
[member 3] step 18600/234591 (ep 0.24) | loss 3.3529 [1d:3.340 1w:3.358 1m:3.382 6m:3.356] | lr 3.75e-05 | 3.9 it/s | eta 918m
[member 3] step 18700/234591 (ep 0.24) | loss 3.3478 [1d:3.343 1w:3.348 1m:3.358 6m:3.404] | lr 3.75e-05 | 3.9 it/s | eta 914m
[member 3] step 18800/234591 (ep 0.24) | loss 3.3511 [1d:3.350 1w:3.347 1m:3.368 6m:3.404] | lr 3.75e-05 | 4.0 it/s | eta 910m
[member 3] step 18900/234591 (ep 0.24) | loss 3.3527 [1d:3.352 1w:3.345 1m:3.378 6m:3.425] | lr 3.75e-05 | 4.0 it/s | eta 907m
[member 3] step 19000/234591 (ep 0.24) | loss 3.3571 [1d:3.353 1w:3.351 1m:3.384 6m:3.450] | lr 3.75e-05 | 4.0 it/s | eta 903m
[member 3] EVAL step 19000 (ep 0.24) | stop-score +5.581 (smoothed +4.538, best +4.538) | t1d +4.31/125d t1w +3.59/121d | cal_ce 3.3890 (36408 rows) | base 3.4251 BEAT | raw_tag0 3.4101 | lr_scale 0.125 | IMPROVED
[member 3] step 19100/234591 (ep 0.24) | loss 3.3449 [1d:3.336 1w:3.347 1m:3.362 6m:3.431] | lr 3.75e-05 | 3.9 it/s | eta 922m
[member 3] step 19200/234591 (ep 0.25) | loss 3.3508 [1d:3.347 1w:3.346 1m:3.370 6m:3.442] | lr 3.75e-05 | 3.9 it/s | eta 919m
[member 3] step 19300/234591 (ep 0.25) | loss 3.3487 [1d:3.349 1w:3.346 1m:3.354 6m:3.370] | lr 3.75e-05 | 3.9 it/s | eta 915m
[member 3] step 19400/234591 (ep 0.25) | loss 3.3483 [1d:3.349 1w:3.346 1m:3.350 6m:3.382] | lr 3.75e-05 | 3.9 it/s | eta 911m
[member 3] step 19500/234591 (ep 0.25) | loss 3.3444 [1d:3.341 1w:3.345 1m:3.349 6m:3.418] | lr 3.75e-05 | 3.9 it/s | eta 908m
[member 3] step 19600/234591 (ep 0.25) | loss 3.3438 [1d:3.335 1w:3.348 1m:3.341 6m:3.470] | lr 3.75e-05 | 4.0 it/s | eta 904m
[member 3] step 19700/234591 (ep 0.25) | loss 3.3458 [1d:3.338 1w:3.348 1m:3.359 6m:3.408] | lr 3.75e-05 | 4.0 it/s | eta 901m
[member 3] step 19800/234591 (ep 0.25) | loss 3.3476 [1d:3.338 1w:3.349 1m:3.369 6m:3.424] | lr 3.75e-05 | 4.0 it/s | eta 897m
[member 3] step 19900/234591 (ep 0.25) | loss 3.3472 [1d:3.345 1w:3.337 1m:3.384 6m:3.455] | lr 3.75e-05 | 4.0 it/s | eta 894m
