[v5] wrote models/v5/runs/r1/run_manifest.json (nonce 1785588746-43620)
[v5] device=cuda | visible GPUs=1 | current=cuda:0 (NVIDIA GeForce RTX 5090)
[v5] building frames for 7597 tickers ...
[v5] integrity [pre2008]: rows 8470610 | sigma-floor 0.0037 | close<$1 0.0172 | spike-censorship 1d:0.0007  1w:0.0031  1m:0.0118  6m:0.0602
[v5] integrity [2008-2015]: rows 6590457 | sigma-floor 0.0095 | close<$1 0.0380 | spike-censorship 1d:0.0008  1w:0.0032  1m:0.0110  6m:0.0470
[v5] integrity [2016+]: rows 11283703 | sigma-floor 0.0182 | close<$1 0.0445 | spike-censorship 1d:0.0011  1w:0.0048  1m:0.0171  6m:0.0735
[v5] fear_greed coverage ends 2026-03-13 vs OHLCV data end 2026-06-08 (FROZEN-FG SPAN: refresh fear_greed.csv)
[v5] usable frames: 7094
[v5] eval_mode=both eval_tickers=702 val_tickers=0
[v5] scaler fit on 21484284 train rows
[v5] era-proxy audit (|rho|>0.2): none
[v5] label centering: K=50 | sessions with undefined c per horizon [2960, 2978, 3039, 3333] of 16214
[v5] class rates [train] (down/neutral/up): 1d:[0.18, 0.63, 0.19]  1w:[0.19, 0.62, 0.2]  1m:[0.2, 0.6, 0.2]  6m:[0.21, 0.58, 0.21]
[v5] class rates [val] (down/neutral/up): 1d:[0.18, 0.64, 0.18]  1w:[0.19, 0.61, 0.2]  1m:[0.21, 0.58, 0.21]  6m:[0.23, 0.53, 0.23]
[v5] thinning retained train labels: 1d:21285344/21285344  1w:21188211/21188211  1m:5218354/20873105  6m:774739/19365056
[v5] thinning: 2917 train anchors lost all labels (gap-straddling or thinned out) and were skipped
[v5] train price floor [pre2008]: dropped 125482/7290179 anchors (0.0172) below $1.0
[v5] train price floor [2008-2015]: dropped 212922/5769298 anchors (0.0369) below $1.0
[v5] train price floor [2016+]: dropped 327889/7687074 anchors (0.0427) below $1.0
[v5] train windows: 20018240 | val windows (subsampled): 265701 | panel windows: 0 | eval tickers: 4992
[v5] schedule | 78197 steps/epoch | budget 234591 steps (~3.0 ep) | warmup 1000 | plateau LR x0.5 after 4 no-improve evals, floor 0.04 | eval scheduled (250<=2k, 1000<=30k, 5000 after) | patience 20 | workers 8 | members [0, 1)
[v5] val constant-marginal baseline CE (tag-0) = 3.4514 (150000 rows; the model must beat this to be learning anything conditional)
[v5] val constant-marginal baseline CE (tag-1 holdout) = 3.4550 (115701 rows; report-only)
[v5] baseline[oracle] total 3.4514 | 1d:3.3771 1w:3.4358 1m:3.4963 6m:3.5634
[v5] baseline[train_marginal] total 3.4539 | 1d:3.3779 1w:3.4365 1m:3.4991 6m:3.5732
[v5] stopping-side baseline CE = 3.4251 (36408 score-half rows, {1d,1w} interval labels)
[v5] comparator momentum_20d: 1d: IC -0.0079 t -1.34 (252d) | 1w: IC -0.0121 t -1.20 (248d) | 1m: IC -0.0039 t -0.27 (231d) | 6m: IC +0.0281 t +9.06 (127d)
[v5] comparator reversal_5d: 1d: IC +0.0105 t +1.98 (252d) | 1w: IC +0.0166 t +1.81 (248d) | 1m: IC +0.0120 t +1.19 (231d) | 6m: IC -0.0181 t -5.87 (127d)
[v5] comparator vol_z: 1d: IC +0.0038 t +0.84 (252d) | 1w: IC +0.0034 t +0.47 (248d) | 1m: IC -0.0063 t -0.62 (231d) | 6m: IC +0.0047 t +0.63 (127d)
[member 0] start | 20018240 train / 265701 val windows | 78197 steps/epoch | eval scheduled (250<=2k, 1000<=30k, 5000 after) | max 234591 steps | patience 20 | warmup 1000 | plateau LRx0.5@4 floor 0.04 | stopping on smoothed rank-IC score (min improvement 0.05, median of last 3)
[member 0] step 100/234591 (ep 0.00) | loss 4.1481 [1d:4.144 1w:4.136 1m:4.202 6m:4.199] | lr 3.00e-05 | 8.3 it/s | eta 472m
[member 0] step 200/234591 (ep 0.00) | loss 3.5609 [1d:3.541 1w:3.551 1m:3.656 6m:3.741] | lr 6.00e-05 | 10.2 it/s | eta 383m
[member 0] EVAL step 250 (ep 0.00) | stop-score +3.540 (smoothed +3.540, best +3.540) | t1d +2.72/125d t1w +2.29/121d | cal_ce 3.4272 (36408 rows) | base 3.4251 MISS | raw_tag0 3.4559 | lr_scale 1.000 | IMPROVED
[member 0] step 300/234591 (ep 0.00) | loss 3.4246 [1d:3.410 1w:3.424 1m:3.462 6m:3.586] | lr 9.00e-05 | 1.4 it/s | eta 2889m
[member 0] step 400/234591 (ep 0.01) | loss 3.3968 [1d:3.378 1w:3.402 1m:3.441 6m:3.495] | lr 1.20e-04 | 1.7 it/s | eta 2239m
[member 0] step 500/234591 (ep 0.01) | loss 3.4051 [1d:3.388 1w:3.412 1m:3.440 6m:3.447] | lr 1.50e-04 | 2.1 it/s | eta 1849m
[member 0] EVAL step 500 (ep 0.01) | stop-score +3.657 (smoothed +3.598, best +3.598) | t1d +2.99/125d t1w +2.18/121d | cal_ce 3.4146 (36408 rows) | base 3.4251 BEAT | raw_tag0 3.4410 | lr_scale 1.000 | IMPROVED
[member 0] step 600/234591 (ep 0.01) | loss 3.3934 [1d:3.374 1w:3.397 1m:3.445 6m:3.454] | lr 1.80e-04 | 1.4 it/s | eta 2792m
[member 0] step 700/234591 (ep 0.01) | loss 3.3950 [1d:3.379 1w:3.398 1m:3.438 6m:3.447] | lr 2.10e-04 | 1.6 it/s | eta 2435m
[member 0] EVAL step 750 (ep 0.01) | stop-score +3.570 (smoothed +3.570, best +3.598) | t1d +2.86/125d t1w +2.19/121d | cal_ce 3.4137 (36408 rows) | base 3.4251 BEAT | raw_tag0 3.4359 | lr_scale 1.000 | no-improve 1/20
[member 0] step 800/234591 (ep 0.01) | loss 3.3908 [1d:3.373 1w:3.401 1m:3.413 6m:3.437] | lr 2.40e-04 | 1.3 it/s | eta 3063m
[member 0] step 900/234591 (ep 0.01) | loss 3.3867 [1d:3.375 1w:3.391 1m:3.405 6m:3.466] | lr 2.70e-04 | 1.4 it/s | eta 2755m
[member 0] step 1000/234591 (ep 0.01) | loss 3.3917 [1d:3.377 1w:3.394 1m:3.424 6m:3.518] | lr 3.00e-04 | 1.6 it/s | eta 2508m
[member 0] EVAL step 1000 (ep 0.01) | stop-score +3.259 (smoothed +3.570, best +3.598) | t1d +2.72/125d t1w +1.89/121d | cal_ce 3.4115 (36408 rows) | base 3.4251 BEAT | raw_tag0 3.4315 | lr_scale 1.000 | no-improve 2/20
[member 0] step 1100/234591 (ep 0.01) | loss 3.3902 [1d:3.378 1w:3.391 1m:3.427 6m:3.471] | lr 3.00e-04 | 1.3 it/s | eta 2974m
[member 0] step 1200/234591 (ep 0.02) | loss 3.3857 [1d:3.369 1w:3.393 1m:3.411 6m:3.479] | lr 3.00e-04 | 1.4 it/s | eta 2750m
[member 0] EVAL step 1250 (ep 0.02) | stop-score +3.800 (smoothed +3.570, best +3.598) | t1d +3.19/125d t1w +2.19/121d | cal_ce 3.4087 (36408 rows) | base 3.4251 BEAT | raw_tag0 3.4329 | lr_scale 1.000 | no-improve 3/20
[member 0] step 1300/234591 (ep 0.02) | loss 3.3795 [1d:3.366 1w:3.387 1m:3.394 6m:3.459] | lr 3.00e-04 | 1.2 it/s | eta 3113m
[member 0] step 1400/234591 (ep 0.02) | loss 3.3882 [1d:3.368 1w:3.395 1m:3.427 6m:3.494] | lr 3.00e-04 | 1.3 it/s | eta 2911m
[member 0] step 1500/234591 (ep 0.02) | loss 3.3860 [1d:3.370 1w:3.391 1m:3.424 6m:3.431] | lr 3.00e-04 | 1.4 it/s | eta 2736m
[member 0] EVAL step 1500 (ep 0.02) | stop-score +3.732 (smoothed +3.732, best +3.732) | t1d +3.02/125d t1w +2.26/121d | cal_ce 3.4088 (36408 rows) | base 3.4251 BEAT | raw_tag0 3.4300 | lr_scale 1.000 | IMPROVED
[member 0] step 1600/234591 (ep 0.02) | loss 3.3818 [1d:3.373 1w:3.376 1m:3.432 6m:3.446] | lr 3.00e-04 | 1.3 it/s | eta 3034m
[member 0] step 1700/234591 (ep 0.02) | loss 3.3801 [1d:3.372 1w:3.378 1m:3.410 6m:3.449] | lr 3.00e-04 | 1.4 it/s | eta 2873m
[member 0] EVAL step 1750 (ep 0.02) | stop-score +3.536 (smoothed +3.732, best +3.732) | t1d +2.76/125d t1w +2.24/121d | cal_ce 3.4081 (36408 rows) | base 3.4251 BEAT | raw_tag0 3.4366 | lr_scale 1.000 | no-improve 1/20
[member 0] step 1800/234591 (ep 0.02) | loss 3.3905 [1d:3.378 1w:3.391 1m:3.429 6m:3.456] | lr 3.00e-04 | 1.2 it/s | eta 3143m
[member 0] step 1900/234591 (ep 0.02) | loss 3.3785 [1d:3.367 1w:3.379 1m:3.413 6m:3.444] | lr 3.00e-04 | 1.3 it/s | eta 2992m
[member 0] step 2000/234591 (ep 0.03) | loss 3.3831 [1d:3.366 1w:3.385 1m:3.429 6m:3.480] | lr 3.00e-04 | 1.4 it/s | eta 2857m
[member 0] EVAL step 2000 (ep 0.03) | stop-score +3.574 (smoothed +3.574, best +3.732) | t1d +2.92/125d t1w +2.14/121d | cal_ce 3.4075 (36408 rows) | base 3.4251 BEAT | raw_tag0 3.4252 | lr_scale 1.000 | no-improve 2/20
[member 0] step 2100/234591 (ep 0.03) | loss 3.3826 [1d:3.371 1w:3.383 1m:3.416 6m:3.442] | lr 3.00e-04 | 1.3 it/s | eta 2970m
[member 0] step 2200/234591 (ep 0.03) | loss 3.3900 [1d:3.374 1w:3.395 1m:3.431 6m:3.420] | lr 3.00e-04 | 1.4 it/s | eta 2848m
[member 0] step 2300/234591 (ep 0.03) | loss 3.3750 [1d:3.360 1w:3.379 1m:3.411 6m:3.411] | lr 3.00e-04 | 1.4 it/s | eta 2737m
[member 0] step 2400/234591 (ep 0.03) | loss 3.3757 [1d:3.356 1w:3.381 1m:3.421 6m:3.458] | lr 3.00e-04 | 1.5 it/s | eta 2635m
[member 0] step 2500/234591 (ep 0.03) | loss 3.3763 [1d:3.363 1w:3.381 1m:3.403 6m:3.422] | lr 3.00e-04 | 1.5 it/s | eta 2541m
[member 0] step 2600/234591 (ep 0.03) | loss 3.3712 [1d:3.358 1w:3.377 1m:3.395 6m:3.431] | lr 3.00e-04 | 1.6 it/s | eta 2455m
[member 0] step 2700/234591 (ep 0.03) | loss 3.3673 [1d:3.353 1w:3.372 1m:3.398 6m:3.423] | lr 3.00e-04 | 1.6 it/s | eta 2375m
[member 0] step 2800/234591 (ep 0.04) | loss 3.3693 [1d:3.353 1w:3.378 1m:3.390 6m:3.419] | lr 3.00e-04 | 1.7 it/s | eta 2300m
[member 0] step 2900/234591 (ep 0.04) | loss 3.3755 [1d:3.359 1w:3.384 1m:3.399 6m:3.439] | lr 3.00e-04 | 1.7 it/s | eta 2230m
[member 0] step 3000/234591 (ep 0.04) | loss 3.3795 [1d:3.363 1w:3.388 1m:3.394 6m:3.489] | lr 3.00e-04 | 1.8 it/s | eta 2165m
[member 0] EVAL step 3000 (ep 0.04) | stop-score +3.396 (smoothed +3.536, best +3.732) | t1d +2.62/125d t1w +2.18/121d | cal_ce 3.4006 (36408 rows) | base 3.4251 BEAT | raw_tag0 3.4211 | lr_scale 1.000 | no-improve 3/20
[member 0] step 3100/234591 (ep 0.04) | loss 3.3809 [1d:3.368 1w:3.387 1m:3.404 6m:3.420] | lr 3.00e-04 | 1.7 it/s | eta 2252m
[member 0] step 3200/234591 (ep 0.04) | loss 3.3760 [1d:3.367 1w:3.374 1m:3.408 6m:3.451] | lr 3.00e-04 | 1.8 it/s | eta 2191m
[member 0] step 3300/234591 (ep 0.04) | loss 3.3691 [1d:3.358 1w:3.371 1m:3.397 6m:3.439] | lr 3.00e-04 | 1.8 it/s | eta 2133m
[member 0] step 3400/234591 (ep 0.04) | loss 3.3715 [1d:3.360 1w:3.379 1m:3.379 6m:3.450] | lr 3.00e-04 | 1.9 it/s | eta 2079m
[member 0] step 3500/234591 (ep 0.04) | loss 3.3724 [1d:3.357 1w:3.375 1m:3.421 6m:3.405] | lr 3.00e-04 | 1.9 it/s | eta 2028m
[member 0] step 3600/234591 (ep 0.05) | loss 3.3772 [1d:3.364 1w:3.377 1m:3.418 6m:3.445] | lr 3.00e-04 | 1.9 it/s | eta 1979m
[member 0] step 3700/234591 (ep 0.05) | loss 3.3768 [1d:3.360 1w:3.384 1m:3.409 6m:3.388] | lr 3.00e-04 | 2.0 it/s | eta 1933m
[member 0] step 3800/234591 (ep 0.05) | loss 3.3725 [1d:3.358 1w:3.375 1m:3.413 6m:3.417] | lr 3.00e-04 | 2.0 it/s | eta 1890m
[member 0] step 3900/234591 (ep 0.05) | loss 3.3703 [1d:3.352 1w:3.377 1m:3.407 6m:3.439] | lr 3.00e-04 | 2.1 it/s | eta 1849m
[member 0] step 4000/234591 (ep 0.05) | loss 3.3701 [1d:3.355 1w:3.375 1m:3.400 6m:3.479] | lr 3.00e-04 | 2.1 it/s | eta 1809m
[member 0] LR DROP -> 1.50e-04 (scale 0.500) after 4 no-improve evals
[member 0] EVAL step 4000 (ep 0.05) | stop-score +4.066 (smoothed +3.574, best +3.732) | t1d +3.36/125d t1w +2.39/121d | cal_ce 3.3969 (36408 rows) | base 3.4251 BEAT | raw_tag0 3.4203 | lr_scale 0.500 | no-improve 4/20
[member 0] step 4100/234591 (ep 0.05) | loss 3.3734 [1d:3.360 1w:3.375 1m:3.404 6m:3.480] | lr 1.50e-04 | 2.1 it/s | eta 1873m
[member 0] step 4200/234591 (ep 0.05) | loss 3.3724 [1d:3.361 1w:3.375 1m:3.391 6m:3.475] | lr 1.50e-04 | 2.1 it/s | eta 1835m
[member 0] step 4300/234591 (ep 0.05) | loss 3.3745 [1d:3.364 1w:3.379 1m:3.405 6m:3.353] | lr 1.50e-04 | 2.1 it/s | eta 1799m
[member 0] step 4400/234591 (ep 0.06) | loss 3.3666 [1d:3.357 1w:3.368 1m:3.399 6m:3.363] | lr 1.50e-04 | 2.2 it/s | eta 1765m
[member 0] step 4500/234591 (ep 0.06) | loss 3.3634 [1d:3.352 1w:3.367 1m:3.390 6m:3.395] | lr 1.50e-04 | 2.2 it/s | eta 1732m
[member 0] step 4600/234591 (ep 0.06) | loss 3.3758 [1d:3.370 1w:3.380 1m:3.376 6m:3.424] | lr 1.50e-04 | 2.3 it/s | eta 1700m
[member 0] step 4700/234591 (ep 0.06) | loss 3.3651 [1d:3.351 1w:3.371 1m:3.390 6m:3.419] | lr 1.50e-04 | 2.3 it/s | eta 1670m
[member 0] step 4800/234591 (ep 0.06) | loss 3.3638 [1d:3.350 1w:3.364 1m:3.404 6m:3.452] | lr 1.50e-04 | 2.3 it/s | eta 1641m
[member 0] step 4900/234591 (ep 0.06) | loss 3.3697 [1d:3.359 1w:3.374 1m:3.394 6m:3.409] | lr 1.50e-04 | 2.4 it/s | eta 1614m
[member 0] step 5000/234591 (ep 0.06) | loss 3.3690 [1d:3.353 1w:3.372 1m:3.410 6m:3.414] | lr 1.50e-04 | 2.4 it/s | eta 1587m
[member 0] EVAL step 5000 (ep 0.06) | stop-score +3.960 (smoothed +3.960, best +3.960) | t1d +3.19/125d t1w +2.41/121d | cal_ce 3.3932 (36408 rows) | base 3.4251 BEAT | raw_tag0 3.4110 | lr_scale 0.500 | IMPROVED
[member 0] step 5100/234591 (ep 0.07) | loss 3.3626 [1d:3.352 1w:3.366 1m:3.392 6m:3.388] | lr 1.50e-04 | 2.3 it/s | eta 1642m
[member 0] step 5200/234591 (ep 0.07) | loss 3.3653 [1d:3.355 1w:3.370 1m:3.383 6m:3.393] | lr 1.50e-04 | 2.4 it/s | eta 1616m
[member 0] step 5300/234591 (ep 0.07) | loss 3.3592 [1d:3.350 1w:3.364 1m:3.375 6m:3.394] | lr 1.50e-04 | 2.4 it/s | eta 1591m
[member 0] step 5400/234591 (ep 0.07) | loss 3.3707 [1d:3.366 1w:3.372 1m:3.381 6m:3.406] | lr 1.50e-04 | 2.4 it/s | eta 1567m
[member 0] step 5500/234591 (ep 0.07) | loss 3.3605 [1d:3.351 1w:3.367 1m:3.370 6m:3.371] | lr 1.50e-04 | 2.5 it/s | eta 1543m
[member 0] step 5600/234591 (ep 0.07) | loss 3.3661 [1d:3.363 1w:3.364 1m:3.381 6m:3.409] | lr 1.50e-04 | 2.5 it/s | eta 1520m
[member 0] step 5700/234591 (ep 0.07) | loss 3.3643 [1d:3.351 1w:3.371 1m:3.385 6m:3.422] | lr 1.50e-04 | 2.5 it/s | eta 1499m
[member 0] step 5800/234591 (ep 0.07) | loss 3.3567 [1d:3.351 1w:3.355 1m:3.378 6m:3.389] | lr 1.50e-04 | 2.6 it/s | eta 1477m
[member 0] step 5900/234591 (ep 0.08) | loss 3.3589 [1d:3.350 1w:3.359 1m:3.373 6m:3.448] | lr 1.50e-04 | 2.6 it/s | eta 1457m
[member 0] step 6000/234591 (ep 0.08) | loss 3.3567 [1d:3.340 1w:3.363 1m:3.382 6m:3.423] | lr 1.50e-04 | 2.7 it/s | eta 1437m
[member 0] EVAL step 6000 (ep 0.08) | stop-score +3.975 (smoothed +3.975, best +3.960) | t1d +3.16/125d t1w +2.46/121d | cal_ce 3.3914 (36408 rows) | base 3.4251 BEAT | raw_tag0 3.4104 | lr_scale 0.500 | no-improve 1/20
[member 0] step 6100/234591 (ep 0.08) | loss 3.3665 [1d:3.351 1w:3.371 1m:3.403 6m:3.429] | lr 1.50e-04 | 2.6 it/s | eta 1486m
[member 0] step 6200/234591 (ep 0.08) | loss 3.3599 [1d:3.351 1w:3.361 1m:3.388 6m:3.387] | lr 1.50e-04 | 2.6 it/s | eta 1466m
[member 0] step 6300/234591 (ep 0.08) | loss 3.3761 [1d:3.361 1w:3.381 1m:3.408 6m:3.436] | lr 1.50e-04 | 2.6 it/s | eta 1447m
[member 0] step 6400/234591 (ep 0.08) | loss 3.3586 [1d:3.344 1w:3.359 1m:3.403 6m:3.442] | lr 1.50e-04 | 2.7 it/s | eta 1428m
[member 0] step 6500/234591 (ep 0.08) | loss 3.3581 [1d:3.344 1w:3.362 1m:3.392 6m:3.403] | lr 1.50e-04 | 2.7 it/s | eta 1410m
[member 0] step 6600/234591 (ep 0.08) | loss 3.3545 [1d:3.344 1w:3.361 1m:3.370 6m:3.360] | lr 1.50e-04 | 2.7 it/s | eta 1393m
[member 0] step 6700/234591 (ep 0.09) | loss 3.3631 [1d:3.356 1w:3.365 1m:3.373 6m:3.430] | lr 1.50e-04 | 2.8 it/s | eta 1377m
[member 0] step 6800/234591 (ep 0.09) | loss 3.3594 [1d:3.351 1w:3.363 1m:3.371 6m:3.437] | lr 1.50e-04 | 2.8 it/s | eta 1360m
[member 0] step 6900/234591 (ep 0.09) | loss 3.3631 [1d:3.352 1w:3.367 1m:3.381 6m:3.436] | lr 1.50e-04 | 2.8 it/s | eta 1345m
[member 0] step 7000/234591 (ep 0.09) | loss 3.3572 [1d:3.337 1w:3.365 1m:3.399 6m:3.408] | lr 1.50e-04 | 2.9 it/s | eta 1329m
[member 0] EVAL step 7000 (ep 0.09) | stop-score +4.017 (smoothed +3.975, best +3.960) | t1d +3.15/125d t1w +2.53/121d | cal_ce 3.3941 (36408 rows) | base 3.4251 BEAT | raw_tag0 3.4120 | lr_scale 0.500 | no-improve 2/20
[member 0] step 7100/234591 (ep 0.09) | loss 3.3582 [1d:3.341 1w:3.364 1m:3.401 6m:3.397] | lr 1.50e-04 | 2.8 it/s | eta 1374m
[member 0] step 7200/234591 (ep 0.09) | loss 3.3608 [1d:3.348 1w:3.365 1m:3.392 6m:3.392] | lr 1.50e-04 | 2.8 it/s | eta 1358m
[member 0] step 7300/234591 (ep 0.09) | loss 3.3587 [1d:3.349 1w:3.363 1m:3.376 6m:3.385] | lr 1.50e-04 | 2.8 it/s | eta 1343m
[member 0] step 7400/234591 (ep 0.09) | loss 3.3667 [1d:3.356 1w:3.366 1m:3.407 6m:3.399] | lr 1.50e-04 | 2.9 it/s | eta 1328m
[member 0] step 7500/234591 (ep 0.10) | loss 3.3665 [1d:3.361 1w:3.364 1m:3.393 6m:3.397] | lr 1.50e-04 | 2.9 it/s | eta 1314m
[member 0] step 7600/234591 (ep 0.10) | loss 3.3656 [1d:3.361 1w:3.364 1m:3.383 6m:3.391] | lr 1.50e-04 | 2.9 it/s | eta 1300m
[member 0] step 7700/234591 (ep 0.10) | loss 3.3653 [1d:3.360 1w:3.366 1m:3.372 6m:3.439] | lr 1.50e-04 | 2.9 it/s | eta 1287m
[member 0] step 7800/234591 (ep 0.10) | loss 3.3664 [1d:3.355 1w:3.369 1m:3.395 6m:3.426] | lr 1.50e-04 | 3.0 it/s | eta 1274m
[member 0] step 7900/234591 (ep 0.10) | loss 3.3631 [1d:3.353 1w:3.371 1m:3.370 6m:3.383] | lr 1.50e-04 | 3.0 it/s | eta 1261m
[member 0] step 8000/234591 (ep 0.10) | loss 3.3665 [1d:3.360 1w:3.370 1m:3.377 6m:3.391] | lr 1.50e-04 | 3.0 it/s | eta 1249m
[member 0] EVAL step 8000 (ep 0.10) | stop-score +3.847 (smoothed +3.975, best +3.960) | t1d +3.05/125d t1w +2.39/121d | cal_ce 3.3936 (36408 rows) | base 3.4251 BEAT | raw_tag0 3.4180 | lr_scale 0.500 | no-improve 3/20
[member 0] step 8100/234591 (ep 0.10) | loss 3.3659 [1d:3.358 1w:3.370 1m:3.374 6m:3.412] | lr 1.50e-04 | 2.9 it/s | eta 1290m
[member 0] step 8200/234591 (ep 0.10) | loss 3.3667 [1d:3.355 1w:3.370 1m:3.392 6m:3.407] | lr 1.50e-04 | 3.0 it/s | eta 1277m
[member 0] step 8300/234591 (ep 0.11) | loss 3.3605 [1d:3.351 1w:3.360 1m:3.393 6m:3.396] | lr 1.50e-04 | 3.0 it/s | eta 1264m
[member 0] step 8400/234591 (ep 0.11) | loss 3.3665 [1d:3.351 1w:3.367 1m:3.421 6m:3.399] | lr 1.50e-04 | 3.0 it/s | eta 1252m
[member 0] step 8500/234591 (ep 0.11) | loss 3.3690 [1d:3.354 1w:3.372 1m:3.408 6m:3.440] | lr 1.50e-04 | 3.0 it/s | eta 1241m
[member 0] step 8600/234591 (ep 0.11) | loss 3.3588 [1d:3.352 1w:3.361 1m:3.376 6m:3.373] | lr 1.50e-04 | 3.1 it/s | eta 1229m
[member 0] step 8700/234591 (ep 0.11) | loss 3.3643 [1d:3.352 1w:3.371 1m:3.380 6m:3.404] | lr 1.50e-04 | 3.1 it/s | eta 1218m
[member 0] step 8800/234591 (ep 0.11) | loss 3.3583 [1d:3.345 1w:3.361 1m:3.390 6m:3.399] | lr 1.50e-04 | 3.1 it/s | eta 1207m
[member 0] step 8900/234591 (ep 0.11) | loss 3.3552 [1d:3.345 1w:3.357 1m:3.382 6m:3.392] | lr 1.50e-04 | 3.1 it/s | eta 1197m
[member 0] step 9000/234591 (ep 0.12) | loss 3.3562 [1d:3.345 1w:3.354 1m:3.400 6m:3.420] | lr 1.50e-04 | 3.2 it/s | eta 1186m
[member 0] EVAL step 9000 (ep 0.12) | stop-score +4.634 (smoothed +4.017, best +4.017) | t1d +3.79/125d t1w +2.77/121d | cal_ce 3.3898 (36408 rows) | base 3.4251 BEAT | raw_tag0 3.4095 | lr_scale 0.500 | IMPROVED
[member 0] step 9100/234591 (ep 0.12) | loss 3.3616 [1d:3.347 1w:3.370 1m:3.379 6m:3.405] | lr 1.50e-04 | 3.1 it/s | eta 1225m
[member 0] step 9200/234591 (ep 0.12) | loss 3.3627 [1d:3.354 1w:3.365 1m:3.379 6m:3.411] | lr 1.50e-04 | 3.1 it/s | eta 1214m
[member 0] step 9300/234591 (ep 0.12) | loss 3.3586 [1d:3.353 1w:3.356 1m:3.389 6m:3.362] | lr 1.50e-04 | 3.1 it/s | eta 1204m
[member 0] step 9400/234591 (ep 0.12) | loss 3.3573 [1d:3.346 1w:3.367 1m:3.357 6m:3.399] | lr 1.50e-04 | 3.1 it/s | eta 1193m
[member 0] step 9500/234591 (ep 0.12) | loss 3.3704 [1d:3.369 1w:3.364 1m:3.394 6m:3.405] | lr 1.50e-04 | 3.2 it/s | eta 1183m
[member 0] step 9600/234591 (ep 0.12) | loss 3.3721 [1d:3.362 1w:3.377 1m:3.393 6m:3.339] | lr 1.50e-04 | 3.2 it/s | eta 1174m
[member 0] step 9700/234591 (ep 0.12) | loss 3.3672 [1d:3.355 1w:3.367 1m:3.413 6m:3.361] | lr 1.50e-04 | 3.2 it/s | eta 1164m
[member 0] step 9800/234591 (ep 0.13) | loss 3.3565 [1d:3.342 1w:3.362 1m:3.379 6m:3.469] | lr 1.50e-04 | 3.2 it/s | eta 1155m
[member 0] step 9900/234591 (ep 0.13) | loss 3.3602 [1d:3.344 1w:3.367 1m:3.389 6m:3.450] | lr 1.50e-04 | 3.3 it/s | eta 1146m
[member 0] step 10000/234591 (ep 0.13) | loss 3.3582 [1d:3.347 1w:3.358 1m:3.396 6m:3.415] | lr 1.50e-04 | 3.3 it/s | eta 1137m
[member 0] EVAL step 10000 (ep 0.13) | stop-score +3.758 (smoothed +3.847, best +4.017) | t1d +2.93/125d t1w +2.38/121d | cal_ce 3.3945 (36408 rows) | base 3.4251 BEAT | raw_tag0 3.4111 | lr_scale 0.500 | no-improve 1/20
[member 0] step 10100/234591 (ep 0.13) | loss 3.3579 [1d:3.345 1w:3.359 1m:3.396 6m:3.422] | lr 1.50e-04 | 3.2 it/s | eta 1173m
[member 0] step 10200/234591 (ep 0.13) | loss 3.3605 [1d:3.351 1w:3.363 1m:3.380 6m:3.392] | lr 1.50e-04 | 3.2 it/s | eta 1163m
[member 0] step 10300/234591 (ep 0.13) | loss 3.3628 [1d:3.349 1w:3.368 1m:3.392 6m:3.387] | lr 1.50e-04 | 3.2 it/s | eta 1154m
[member 0] step 10400/234591 (ep 0.13) | loss 3.3564 [1d:3.349 1w:3.359 1m:3.368 6m:3.432] | lr 1.50e-04 | 3.3 it/s | eta 1145m
[member 0] step 10500/234591 (ep 0.13) | loss 3.3603 [1d:3.353 1w:3.354 1m:3.398 6m:3.479] | lr 1.50e-04 | 3.3 it/s | eta 1137m
[member 0] step 10600/234591 (ep 0.14) | loss 3.3588 [1d:3.350 1w:3.361 1m:3.385 6m:3.373] | lr 1.50e-04 | 3.3 it/s | eta 1128m
[member 0] step 10700/234591 (ep 0.14) | loss 3.3578 [1d:3.342 1w:3.366 1m:3.376 6m:3.456] | lr 1.50e-04 | 3.3 it/s | eta 1120m
[member 0] step 10800/234591 (ep 0.14) | loss 3.3613 [1d:3.353 1w:3.369 1m:3.360 6m:3.381] | lr 1.50e-04 | 3.4 it/s | eta 1112m
[member 0] step 10900/234591 (ep 0.14) | loss 3.3628 [1d:3.349 1w:3.369 1m:3.381 6m:3.425] | lr 1.50e-04 | 3.4 it/s | eta 1104m
[member 0] step 11000/234591 (ep 0.14) | loss 3.3556 [1d:3.344 1w:3.362 1m:3.374 6m:3.347] | lr 1.50e-04 | 3.4 it/s | eta 1096m
[member 0] EVAL step 11000 (ep 0.14) | stop-score +3.841 (smoothed +3.841, best +4.017) | t1d +2.84/125d t1w +2.60/121d | cal_ce 3.3902 (36408 rows) | base 3.4251 BEAT | raw_tag0 3.4122 | lr_scale 0.500 | no-improve 2/20
[member 0] step 11100/234591 (ep 0.14) | loss 3.3589 [1d:3.342 1w:3.365 1m:3.400 6m:3.391] | lr 1.50e-04 | 3.3 it/s | eta 1130m
[member 0] step 11200/234591 (ep 0.14) | loss 3.3593 [1d:3.351 1w:3.365 1m:3.368 6m:3.369] | lr 1.50e-04 | 3.3 it/s | eta 1122m
[member 0] step 11300/234591 (ep 0.14) | loss 3.3581 [1d:3.346 1w:3.362 1m:3.376 6m:3.441] | lr 1.50e-04 | 3.3 it/s | eta 1114m
[member 0] step 11400/234591 (ep 0.15) | loss 3.3553 [1d:3.343 1w:3.358 1m:3.386 6m:3.406] | lr 1.50e-04 | 3.4 it/s | eta 1106m
[member 0] step 11500/234591 (ep 0.15) | loss 3.3575 [1d:3.346 1w:3.362 1m:3.373 6m:3.436] | lr 1.50e-04 | 3.4 it/s | eta 1098m
[member 0] step 11600/234591 (ep 0.15) | loss 3.3531 [1d:3.346 1w:3.355 1m:3.364 6m:3.410] | lr 1.50e-04 | 3.4 it/s | eta 1091m
[member 0] step 11700/234591 (ep 0.15) | loss 3.3606 [1d:3.360 1w:3.359 1m:3.369 6m:3.379] | lr 1.50e-04 | 3.4 it/s | eta 1084m
[member 0] step 11800/234591 (ep 0.15) | loss 3.3520 [1d:3.341 1w:3.360 1m:3.360 6m:3.386] | lr 1.50e-04 | 3.4 it/s | eta 1077m
[member 0] step 11900/234591 (ep 0.15) | loss 3.3698 [1d:3.354 1w:3.376 1m:3.402 6m:3.406] | lr 1.50e-04 | 3.5 it/s | eta 1070m
[member 0] step 12000/234591 (ep 0.15) | loss 3.3643 [1d:3.355 1w:3.366 1m:3.383 6m:3.451] | lr 1.50e-04 | 3.5 it/s | eta 1063m
[member 0] EVAL step 12000 (ep 0.15) | stop-score +3.820 (smoothed +3.820, best +4.017) | t1d +2.83/125d t1w +2.57/121d | cal_ce 3.3898 (36408 rows) | base 3.4251 BEAT | raw_tag0 3.4099 | lr_scale 0.500 | no-improve 3/20
[member 0] step 12100/234591 (ep 0.15) | loss 3.3561 [1d:3.354 1w:3.354 1m:3.372 6m:3.366] | lr 1.50e-04 | 3.4 it/s | eta 1093m
[member 0] step 12200/234591 (ep 0.16) | loss 3.3503 [1d:3.332 1w:3.362 1m:3.373 6m:3.380] | lr 1.50e-04 | 3.4 it/s | eta 1086m
[member 0] step 12300/234591 (ep 0.16) | loss 3.3576 [1d:3.344 1w:3.360 1m:3.394 6m:3.437] | lr 1.50e-04 | 3.4 it/s | eta 1079m
[member 0] step 12400/234591 (ep 0.16) | loss 3.3534 [1d:3.348 1w:3.354 1m:3.366 6m:3.388] | lr 1.50e-04 | 3.5 it/s | eta 1072m
[member 0] step 12500/234591 (ep 0.16) | loss 3.3588 [1d:3.349 1w:3.359 1m:3.383 6m:3.463] | lr 1.50e-04 | 3.5 it/s | eta 1065m
[member 0] step 12600/234591 (ep 0.16) | loss 3.3504 [1d:3.342 1w:3.353 1m:3.360 6m:3.446] | lr 1.50e-04 | 3.5 it/s | eta 1059m
[member 0] step 12700/234591 (ep 0.16) | loss 3.3560 [1d:3.355 1w:3.354 1m:3.367 6m:3.388] | lr 1.50e-04 | 3.5 it/s | eta 1052m
[member 0] step 12800/234591 (ep 0.16) | loss 3.3556 [1d:3.347 1w:3.357 1m:3.383 6m:3.371] | lr 1.50e-04 | 3.5 it/s | eta 1046m
[member 0] step 12900/234591 (ep 0.16) | loss 3.3514 [1d:3.334 1w:3.361 1m:3.372 6m:3.410] | lr 1.50e-04 | 3.6 it/s | eta 1040m
[member 0] step 13000/234591 (ep 0.17) | loss 3.3562 [1d:3.343 1w:3.359 1m:3.384 6m:3.438] | lr 1.50e-04 | 3.6 it/s | eta 1034m
[member 0] LR DROP -> 7.50e-05 (scale 0.250) after 4 no-improve evals
[member 0] EVAL step 13000 (ep 0.17) | stop-score +4.005 (smoothed +3.841, best +4.017) | t1d +3.10/125d t1w +2.56/121d | cal_ce 3.3907 (36408 rows) | base 3.4251 BEAT | raw_tag0 3.4118 | lr_scale 0.250 | no-improve 4/20
[member 0] step 13100/234591 (ep 0.17) | loss 3.3583 [1d:3.345 1w:3.367 1m:3.374 6m:3.375] | lr 7.50e-05 | 3.5 it/s | eta 1061m
[member 0] step 13200/234591 (ep 0.17) | loss 3.3602 [1d:3.357 1w:3.359 1m:3.364 6m:3.405] | lr 7.50e-05 | 3.5 it/s | eta 1055m
[member 0] step 13300/234591 (ep 0.17) | loss 3.3595 [1d:3.353 1w:3.362 1m:3.371 6m:3.394] | lr 7.50e-05 | 3.5 it/s | eta 1049m
[member 0] step 13400/234591 (ep 0.17) | loss 3.3561 [1d:3.348 1w:3.355 1m:3.383 6m:3.421] | lr 7.50e-05 | 3.5 it/s | eta 1043m
[member 0] step 13500/234591 (ep 0.17) | loss 3.3539 [1d:3.340 1w:3.355 1m:3.392 6m:3.426] | lr 7.50e-05 | 3.6 it/s | eta 1037m
[member 0] step 13600/234591 (ep 0.17) | loss 3.3617 [1d:3.354 1w:3.363 1m:3.381 6m:3.405] | lr 7.50e-05 | 3.6 it/s | eta 1031m
[member 0] step 13700/234591 (ep 0.18) | loss 3.3546 [1d:3.345 1w:3.354 1m:3.389 6m:3.409] | lr 7.50e-05 | 3.6 it/s | eta 1025m
[member 0] step 13800/234591 (ep 0.18) | loss 3.3519 [1d:3.348 1w:3.352 1m:3.362 6m:3.402] | lr 7.50e-05 | 3.6 it/s | eta 1019m
[member 0] step 13900/234591 (ep 0.18) | loss 3.3493 [1d:3.344 1w:3.350 1m:3.360 6m:3.398] | lr 7.50e-05 | 3.6 it/s | eta 1014m
[member 0] step 14000/234591 (ep 0.18) | loss 3.3597 [1d:3.354 1w:3.357 1m:3.386 6m:3.397] | lr 7.50e-05 | 3.6 it/s | eta 1008m
[member 0] EVAL step 14000 (ep 0.18) | stop-score +4.044 (smoothed +4.005, best +4.017) | t1d +2.97/125d t1w +2.75/121d | cal_ce 3.3898 (36408 rows) | base 3.4251 BEAT | raw_tag0 3.4109 | lr_scale 0.250 | no-improve 5/20
[member 0] step 14100/234591 (ep 0.18) | loss 3.3589 [1d:3.352 1w:3.360 1m:3.369 6m:3.429] | lr 7.50e-05 | 3.6 it/s | eta 1034m
[member 0] step 14200/234591 (ep 0.18) | loss 3.3477 [1d:3.344 1w:3.351 1m:3.343 6m:3.365] | lr 7.50e-05 | 3.6 it/s | eta 1028m
[member 0] step 14300/234591 (ep 0.18) | loss 3.3509 [1d:3.345 1w:3.351 1m:3.364 6m:3.403] | lr 7.50e-05 | 3.6 it/s | eta 1022m
[member 0] step 14400/234591 (ep 0.18) | loss 3.3582 [1d:3.348 1w:3.360 1m:3.384 6m:3.432] | lr 7.50e-05 | 3.6 it/s | eta 1017m
[member 0] step 14500/234591 (ep 0.19) | loss 3.3632 [1d:3.355 1w:3.365 1m:3.382 6m:3.416] | lr 7.50e-05 | 3.6 it/s | eta 1012m
[member 0] step 14600/234591 (ep 0.19) | loss 3.3460 [1d:3.334 1w:3.355 1m:3.352 6m:3.368] | lr 7.50e-05 | 3.6 it/s | eta 1006m
[member 0] step 14700/234591 (ep 0.19) | loss 3.3525 [1d:3.342 1w:3.357 1m:3.375 6m:3.359] | lr 7.50e-05 | 3.7 it/s | eta 1001m
[member 0] step 14800/234591 (ep 0.19) | loss 3.3490 [1d:3.343 1w:3.346 1m:3.383 6m:3.376] | lr 7.50e-05 | 3.7 it/s | eta 996m
[member 0] step 14900/234591 (ep 0.19) | loss 3.3528 [1d:3.342 1w:3.355 1m:3.384 6m:3.362] | lr 7.50e-05 | 3.7 it/s | eta 991m
[member 0] step 15000/234591 (ep 0.19) | loss 3.3481 [1d:3.344 1w:3.349 1m:3.355 6m:3.369] | lr 7.50e-05 | 3.7 it/s | eta 986m
[member 0] EVAL step 15000 (ep 0.19) | stop-score +4.674 (smoothed +4.044, best +4.017) | t1d +3.40/125d t1w +3.21/121d | cal_ce 3.3907 (36408 rows) | base 3.4251 BEAT | raw_tag0 3.4104 | lr_scale 0.250 | no-improve 6/20
[member 0] step 15100/234591 (ep 0.19) | loss 3.3527 [1d:3.343 1w:3.356 1m:3.366 6m:3.452] | lr 7.50e-05 | 3.6 it/s | eta 1010m
[member 0] step 15200/234591 (ep 0.19) | loss 3.3444 [1d:3.336 1w:3.339 1m:3.385 6m:3.469] | lr 7.50e-05 | 3.6 it/s | eta 1005m
[member 0] step 15300/234591 (ep 0.20) | loss 3.3491 [1d:3.340 1w:3.347 1m:3.385 6m:3.414] | lr 7.50e-05 | 3.7 it/s | eta 999m
[member 0] step 15400/234591 (ep 0.20) | loss 3.3532 [1d:3.348 1w:3.351 1m:3.377 6m:3.403] | lr 7.50e-05 | 3.7 it/s | eta 994m
[member 0] step 15500/234591 (ep 0.20) | loss 3.3507 [1d:3.330 1w:3.362 1m:3.376 6m:3.445] | lr 7.50e-05 | 3.7 it/s | eta 990m
[member 0] step 15600/234591 (ep 0.20) | loss 3.3525 [1d:3.341 1w:3.356 1m:3.375 6m:3.392] | lr 7.50e-05 | 3.7 it/s | eta 985m
[member 0] step 15700/234591 (ep 0.20) | loss 3.3541 [1d:3.345 1w:3.358 1m:3.368 6m:3.400] | lr 7.50e-05 | 3.7 it/s | eta 980m
[member 0] step 15800/234591 (ep 0.20) | loss 3.3481 [1d:3.339 1w:3.355 1m:3.355 6m:3.367] | lr 7.50e-05 | 3.7 it/s | eta 975m
[member 0] step 15900/234591 (ep 0.20) | loss 3.3511 [1d:3.346 1w:3.351 1m:3.364 6m:3.390] | lr 7.50e-05 | 3.8 it/s | eta 970m
[member 0] step 16000/234591 (ep 0.20) | loss 3.3467 [1d:3.346 1w:3.346 1m:3.346 6m:3.394] | lr 7.50e-05 | 3.8 it/s | eta 966m
[member 0] EVAL step 16000 (ep 0.20) | stop-score +4.431 (smoothed +4.431, best +4.431) | t1d +3.20/125d t1w +3.07/121d | cal_ce 3.3900 (36408 rows) | base 3.4251 BEAT | raw_tag0 3.4118 | lr_scale 0.250 | IMPROVED
[member 0] step 16100/234591 (ep 0.21) | loss 3.3457 [1d:3.343 1w:3.345 1m:3.350 6m:3.397] | lr 7.50e-05 | 3.7 it/s | eta 989m
[member 0] step 16200/234591 (ep 0.21) | loss 3.3494 [1d:3.345 1w:3.349 1m:3.361 6m:3.386] | lr 7.50e-05 | 3.7 it/s | eta 984m
[member 0] step 16300/234591 (ep 0.21) | loss 3.3466 [1d:3.334 1w:3.347 1m:3.386 6m:3.429] | lr 7.50e-05 | 3.7 it/s | eta 979m
[member 0] step 16400/234591 (ep 0.21) | loss 3.3488 [1d:3.343 1w:3.347 1m:3.372 6m:3.361] | lr 7.50e-05 | 3.7 it/s | eta 975m
[member 0] step 16500/234591 (ep 0.21) | loss 3.3522 [1d:3.345 1w:3.353 1m:3.375 6m:3.362] | lr 7.50e-05 | 3.7 it/s | eta 970m
[member 0] step 16600/234591 (ep 0.21) | loss 3.3492 [1d:3.343 1w:3.350 1m:3.359 6m:3.389] | lr 7.50e-05 | 3.8 it/s | eta 965m
[member 0] step 16700/234591 (ep 0.21) | loss 3.3514 [1d:3.347 1w:3.350 1m:3.373 6m:3.344] | lr 7.50e-05 | 3.8 it/s | eta 961m
[member 0] step 16800/234591 (ep 0.21) | loss 3.3418 [1d:3.331 1w:3.345 1m:3.362 6m:3.390] | lr 7.50e-05 | 3.8 it/s | eta 957m
[member 0] step 16900/234591 (ep 0.22) | loss 3.3496 [1d:3.336 1w:3.353 1m:3.387 6m:3.410] | lr 7.50e-05 | 3.8 it/s | eta 952m
[member 0] step 17000/234591 (ep 0.22) | loss 3.3452 [1d:3.334 1w:3.350 1m:3.363 6m:3.426] | lr 7.50e-05 | 3.8 it/s | eta 948m
[member 0] EVAL step 17000 (ep 0.22) | stop-score +4.903 (smoothed +4.674, best +4.674) | t1d +3.59/125d t1w +3.34/121d | cal_ce 3.3894 (36408 rows) | base 3.4251 BEAT | raw_tag0 3.4082 | lr_scale 0.250 | IMPROVED
[member 0] step 17100/234591 (ep 0.22) | loss 3.3575 [1d:3.349 1w:3.358 1m:3.379 6m:3.428] | lr 7.50e-05 | 3.7 it/s | eta 969m
[member 0] step 17200/234591 (ep 0.22) | loss 3.3567 [1d:3.350 1w:3.359 1m:3.369 6m:3.395] | lr 7.50e-05 | 3.8 it/s | eta 965m
[member 0] step 17300/234591 (ep 0.22) | loss 3.3571 [1d:3.354 1w:3.361 1m:3.349 6m:3.386] | lr 7.50e-05 | 3.8 it/s | eta 960m
[member 0] step 17400/234591 (ep 0.22) | loss 3.3433 [1d:3.336 1w:3.343 1m:3.361 6m:3.427] | lr 7.50e-05 | 3.8 it/s | eta 956m
[member 0] step 17500/234591 (ep 0.22) | loss 3.3527 [1d:3.343 1w:3.350 1m:3.390 6m:3.424] | lr 7.50e-05 | 3.8 it/s | eta 952m
[member 0] step 17600/234591 (ep 0.23) | loss 3.3517 [1d:3.349 1w:3.347 1m:3.375 6m:3.380] | lr 7.50e-05 | 3.8 it/s | eta 948m
[member 0] step 17700/234591 (ep 0.23) | loss 3.3491 [1d:3.349 1w:3.342 1m:3.376 6m:3.374] | lr 7.50e-05 | 3.8 it/s | eta 944m
[member 0] step 17800/234591 (ep 0.23) | loss 3.3535 [1d:3.343 1w:3.355 1m:3.386 6m:3.371] | lr 7.50e-05 | 3.8 it/s | eta 940m
[member 0] step 17900/234591 (ep 0.23) | loss 3.3580 [1d:3.356 1w:3.358 1m:3.373 6m:3.344] | lr 7.50e-05 | 3.9 it/s | eta 936m
[member 0] step 18000/234591 (ep 0.23) | loss 3.3558 [1d:3.344 1w:3.357 1m:3.391 6m:3.408] | lr 7.50e-05 | 3.9 it/s | eta 932m
[member 0] EVAL step 18000 (ep 0.23) | stop-score +4.772 (smoothed +4.772, best +4.772) | t1d +3.34/125d t1w +3.41/121d | cal_ce 3.3903 (36408 rows) | base 3.4251 BEAT | raw_tag0 3.4112 | lr_scale 0.250 | IMPROVED
[member 0] step 18100/234591 (ep 0.23) | loss 3.3515 [1d:3.342 1w:3.358 1m:3.355 6m:3.414] | lr 7.50e-05 | 3.8 it/s | eta 952m
[member 0] step 18200/234591 (ep 0.23) | loss 3.3535 [1d:3.346 1w:3.356 1m:3.366 6m:3.399] | lr 7.50e-05 | 3.8 it/s | eta 947m
[member 0] step 18300/234591 (ep 0.23) | loss 3.3431 [1d:3.338 1w:3.341 1m:3.353 6m:3.447] | lr 7.50e-05 | 3.8 it/s | eta 943m
[member 0] step 18400/234591 (ep 0.24) | loss 3.3440 [1d:3.334 1w:3.345 1m:3.368 6m:3.437] | lr 7.50e-05 | 3.8 it/s | eta 939m
[member 0] step 18500/234591 (ep 0.24) | loss 3.3479 [1d:3.349 1w:3.347 1m:3.348 6m:3.375] | lr 7.50e-05 | 3.9 it/s | eta 935m
[member 0] step 18600/234591 (ep 0.24) | loss 3.3573 [1d:3.357 1w:3.352 1m:3.372 6m:3.420] | lr 7.50e-05 | 3.9 it/s | eta 931m
[member 0] step 18700/234591 (ep 0.24) | loss 3.3485 [1d:3.342 1w:3.352 1m:3.355 6m:3.357] | lr 7.50e-05 | 3.9 it/s | eta 928m
[member 0] step 18800/234591 (ep 0.24) | loss 3.3459 [1d:3.338 1w:3.345 1m:3.372 6m:3.392] | lr 7.50e-05 | 3.9 it/s | eta 924m
[member 0] step 18900/234591 (ep 0.24) | loss 3.3523 [1d:3.348 1w:3.350 1m:3.375 6m:3.405] | lr 7.50e-05 | 3.9 it/s | eta 920m
[member 0] step 19000/234591 (ep 0.24) | loss 3.3546 [1d:3.354 1w:3.353 1m:3.360 6m:3.361] | lr 7.50e-05 | 3.9 it/s | eta 916m
